EVA2_3_VENTADETALLE

MySQL Shell 8.0.35

Copyright (c) 2016, 2023, Oracle and/or its affiliates.
Oracle is a registered trademark of Oracle Corporation and/or its affiliates.
Other names may be trademarks of their respective owners.

Type '\help' or '\?' for help; '\quit' to exit.
 MySQL  JS > \sql
Switching to SQL mode... Commands end with ;
 MySQL  SQL > \c --mc root@localhost
Creating a Classic session to 'root@localhost'
Fetching global names for auto-completion... Press ^C to stop.
Your MySQL connection id is 9
Server version: 8.0.35 MySQL Community Server - GPL
No default schema selected; type \use <schema> to set one.
 MySQL  localhost:3306 ssl  SQL > use t2;
Default schema set to `t2`.
Fetching global names, object names from `t2` for auto-completion... Press ^C to stop.
 MySQL  localhost:3306 ssl  t2  SQL > show tables;
+------------------+
| Tables_in_t2     |
+------------------+
| banco            |
| cliente          |
| direccioncliente |
| tarjeta          |
| tarjetacliente   |
+------------------+
5 rows in set (0.0281 sec)
 MySQL  localhost:3306 ssl  t2  SQL > create table producto(
                                   -> ProductoID int not null key auto_increment,
                                   -> Nombre varchar(50) not null,
                                   -> Precio decimal(7,2) not null,
                                   -> Unidad varchar(20));
Query OK, 0 rows affected (0.0348 sec)
 MySQL  localhost:3306 ssl  t2  SQL > desc cliente;
+-----------+-------------+------+-----+---------+----------------+
| Field     | Type        | Null | Key | Default | Extra          |
+-----------+-------------+------+-----+---------+----------------+
| ClienteID | int         | NO   | PRI | NULL    | auto_increment |
| Nombre    | varchar(50) | NO   |     | NULL    |                |
| Apellidos | varchar(50) | NO   |     | NULL    |                |
+-----------+-------------+------+-----+---------+----------------+
3 rows in set (0.0076 sec)
 MySQL  localhost:3306 ssl  t2  SQL > create table venta(
                                   -> VentaID int not null key auto_increment,
                                   -> Fecha date,
                                   -> ClienteID int not null,
                                   -> Foreign key(clienteID)
                                   -> references cliente(ClienteID)
                                   -> on delete cascade
                                   -> on update cascade);
Query OK, 0 rows affected (0.0602 sec)
 MySQL  localhost:3306 ssl  t2  SQL > create table venta_detalle(
                                   -> Ventadetalle id int not null key auto_increment,
                                   -> VentaID int not null,
                                   -> ProductoID int not null,
                                   -> Cantidad int not null,
                                   -> Foreign key(VentaID)
                                   -> references venta(ventaID)
                                   -> on delete cascade
                                   -> on update cascade,
                                   -> Foreign key(ProductoID)
                                   -> references producto(ProductoID)
                                   -> on delete cascade
                                   -> on update cascade);
ERROR: 1064 (42000): You have an error in your SQL syntax; check the manual that corresponds to your MySQL server version for the right syntax to use near 'id int not null key auto_increment,
VentaID int not null,
ProductoID int not nul' at line 2
 MySQL  localhost:3306 ssl  t2  SQL > create table venta_detalle( Ventadetalle id int not null key auto_increment, VentaID int not null, ProductoID int not null, Cantidad int not null, Foreign key(VentaID) references venta(ventaID) on delete cascade on update cascade, Foreign key(ProductoID) references producto(ProductoID) on delete cascade on update cascade);
ERROR: 1064 (42000): You have an error in your SQL syntax; check the manual that corresponds to your MySQL server version for the right syntax to use near 'id int not null key auto_increment, VentaID int not null, ProductoID int not nul' at line 1
 MySQL  localhost:3306 ssl  t2  SQL > create table venta_detalle( Ventadetalle id int not null key auto_increment, VentaID int not null, ProductoID int not null, Cantidad int not null, Foreign key(VentaID) references venta(ventaID) on delete cascade on update cascade, Foreign key(ProductoID) references producto(ProductoID) on delete cascade on update cascade));
ERROR: 1064 (42000): You have an error in your SQL syntax; check the manual that corresponds to your MySQL server version for the right syntax to use near 'id int not null key auto_increment, VentaID int not null, ProductoID int not nul' at line 1
 MySQL  localhost:3306 ssl  t2  SQL > create table venta_detalle( Ventadetalleid int not null key auto_increment, VentaID int not null, ProductoID int not null, Cantidad int not null, foreign key (ventaid) references venta(ventaid) on delete cascade on update cascade, foreign key(productoid) references producto(productoid) on delete cascade on update cascade);
Query OK, 0 rows affected (0.0886 sec)
 MySQL  localhost:3306 ssl  t2  SQL > show create table venta_detalle;
+---------------+---------------------------------------------------------------------------------------------------------------------------------------------------------------------------------------------------------------------------------------------------------------------------------------------------------------------------------------------------------------------------------------------------------------------------------------------------------------------------------------------------------------------------------------------------------------------------------------------------------------+
| Table         | Create Table




        |
+---------------+---------------------------------------------------------------------------------------------------------------------------------------------------------------------------------------------------------------------------------------------------------------------------------------------------------------------------------------------------------------------------------------------------------------------------------------------------------------------------------------------------------------------------------------------------------------------------------------------------------------+
| venta_detalle | CREATE TABLE `venta_detalle` (
  `Ventadetalleid` int NOT NULL AUTO_INCREMENT,
  `VentaID` int NOT NULL,
  `ProductoID` int NOT NULL,
  `Cantidad` int NOT NULL,
  PRIMARY KEY (`Ventadetalleid`),
  KEY `VentaID` (`VentaID`),
  KEY `ProductoID` (`ProductoID`),
  CONSTRAINT `venta_detalle_ibfk_1` FOREIGN KEY (`VentaID`) REFERENCES `venta` (`VentaID`) ON DELETE CASCADE ON UPDATE CASCADE,
  CONSTRAINT `venta_detalle_ibfk_2` FOREIGN KEY (`ProductoID`) REFERENCES `producto` (`ProductoID`) ON DELETE CASCADE ON UPDATE CASCADE
) ENGINE=InnoDB DEFAULT CHARSET=utf8mb4 COLLATE=utf8mb4_0900_ai_ci |
+---------------+---------------------------------------------------------------------------------------------------------------------------------------------------------------------------------------------------------------------------------------------------------------------------------------------------------------------------------------------------------------------------------------------------------------------------------------------------------------------------------------------------------------------------------------------------------------------------------------------------------------+
1 row in set (0.0305 sec)
 MySQL  localhost:3306 ssl  t2  SQL > select * from cliente;
+-----------+--------+-----------+
| ClienteID | Nombre | Apellidos |
+-----------+--------+-----------+
|         1 | Juan   | Pérez     |
|         2 | Pedro  | Páramo    |
|         3 | Rubén  | Hernández |
|         4 | Otro   | Cliente   |
+-----------+--------+-----------+
4 rows in set (0.0081 sec)
 MySQL  localhost:3306 ssl  t2  SQL > desc producto;
+------------+--------------+------+-----+---------+----------------+
| Field      | Type         | Null | Key | Default | Extra          |
+------------+--------------+------+-----+---------+----------------+
| ProductoID | int          | NO   | PRI | NULL    | auto_increment |
| Nombre     | varchar(50)  | NO   |     | NULL    |                |
| Precio     | decimal(7,2) | NO   |     | NULL    |                |
| Unidad     | varchar(20)  | YES  |     | NULL    |                |
+------------+--------------+------+-----+---------+----------------+
4 rows in set (0.0019 sec)
 MySQL  localhost:3306 ssl  t2  SQL > insert into producto(Nombre, Precio, Unidad)
                                   -> values("Laptop", 20000.5, "Pieza"),
                                   -> ("Pantalla", 5000.45, "Pieza"),
                                   ->
                                   -> ("Audífonos", 1000.5, "Pieza");
Query OK, 3 rows affected (0.0132 sec)

Records: 3  Duplicates: 0  Warnings: 0
 MySQL  localhost:3306 ssl  t2  SQL > select * from producto;
+------------+-----------+----------+--------+
| ProductoID | Nombre    | Precio   | Unidad |
+------------+-----------+----------+--------+
|          1 | Laptop    | 20000.50 | Pieza  |
|          2 | Pantalla  |  5000.45 | Pieza  |
|          3 | Audífonos |  1000.50 | Pieza  |
+------------+-----------+----------+--------+
3 rows in set (0.0006 sec)
 MySQL  localhost:3306 ssl  t2  SQL > desc venta;
+-----------+------+------+-----+---------+----------------+
| Field     | Type | Null | Key | Default | Extra          |
+-----------+------+------+-----+---------+----------------+
| VentaID   | int  | NO   | PRI | NULL    | auto_increment |
| Fecha     | date | YES  |     | NULL    |                |
| ClienteID | int  | NO   | MUL | NULL    |                |
+-----------+------+------+-----+---------+----------------+
3 rows in set (0.0020 sec)
 MySQL  localhost:3306 ssl  t2  SQL > insert into venta(
                                   -> fecha_venta, clienteid) values("2025-03-06", 1), ("2025-11-04", 2);
ERROR: 1054 (42S22): Unknown column 'fecha_venta' in 'field list'
 MySQL  localhost:3306 ssl  t2  SQL > insert into venta( fecha, clienteid) values("2025-03-06", 1), ("2025-11-04", 2);
Query OK, 2 rows affected (1.2392 sec)

Records: 2  Duplicates: 0  Warnings: 0
 MySQL  localhost:3306 ssl  t2  SQL > insert into venta( fecha, clienteid) values("2025-03-06", 2), ("2025-02-04", 2);
Query OK, 2 rows affected (0.0060 sec)

Records: 2  Duplicates: 0  Warnings: 0
 MySQL  localhost:3306 ssl  t2  SQL > insert into venta( fecha, clienteid) values("2025-09-09", 3), ("2025-11-02", 4);
Query OK, 2 rows affected (0.0086 sec)

Records: 2  Duplicates: 0  Warnings: 0
 MySQL  localhost:3306 ssl  t2  SQL > select * from venta;
+---------+------------+-----------+
| VentaID | Fecha      | ClienteID |
+---------+------------+-----------+
|       1 | 2025-03-06 |         1 |
|       2 | 2025-11-04 |         2 |
|       3 | 2025-03-06 |         2 |
|       4 | 2025-02-04 |         2 |
|       5 | 2025-09-09 |         3 |
|       6 | 2025-11-02 |         4 |
+---------+------------+-----------+
6 rows in set (0.0006 sec)
 MySQL  localhost:3306 ssl  t2  SQL > alter table venta change Fecha Fecha_venta date not null;
Query OK, 0 rows affected (0.1292 sec)

Records: 0  Duplicates: 0  Warnings: 0
 MySQL  localhost:3306 ssl  t2  SQL > desc venta_detalle;
+----------------+------+------+-----+---------+----------------+
| Field          | Type | Null | Key | Default | Extra          |
+----------------+------+------+-----+---------+----------------+
| Ventadetalleid | int  | NO   | PRI | NULL    | auto_increment |
| VentaID        | int  | NO   | MUL | NULL    |                |
| ProductoID     | int  | NO   | MUL | NULL    |                |
| Cantidad       | int  | NO   |     | NULL    |                |
+----------------+------+------+-----+---------+----------------+
4 rows in set (0.0019 sec)
 MySQL  localhost:3306 ssl  t2  SQL > insert into venta_detalle(VentaID, ProductoID, Cantidad)
                                   -> values(3,6,10), (5,1,6), (9,2,5), (7,1,8), (1,2,3), (4,3,4), (3,3,3);
ERROR: 1452 (23000): Cannot add or update a child row: a foreign key constraint fails (`t2`.`venta_detalle`, CONSTRAINT `venta_detalle_ibfk_2` FOREIGN KEY (`ProductoID`) REFERENCES `producto` (`ProductoID`) ON DELETE CASCADE ON UPDATE CASCADE)
 MySQL  localhost:3306 ssl  t2  SQL > insert into venta_detalle(VentaID, ProductoID, Cantidad) values(1,2,3), (5,1,6), (2,2,5), (7,1,8), (1,2,3), (4,3,4), (3,3,3);
ERROR: 1452 (23000): Cannot add or update a child row: a foreign key constraint fails (`t2`.`venta_detalle`, CONSTRAINT `venta_detalle_ibfk_1` FOREIGN KEY (`VentaID`) REFERENCES `venta` (`VentaID`) ON DELETE CASCADE ON UPDATE CASCADE)
 MySQL  localhost:3306 ssl  t2  SQL > insert into venta_detalle(VentaID, ProductoID, Cantidad) values(1,1,10), (1,2,3), (2,2,5), (7,1,8), (1,2,3), (4,3,4), (3,3,3);
ERROR: 1452 (23000): Cannot add or update a child row: a foreign key constraint fails (`t2`.`venta_detalle`, CONSTRAINT `venta_detalle_ibfk_1` FOREIGN KEY (`VentaID`) REFERENCES `venta` (`VentaID`) ON DELETE CASCADE ON UPDATE CASCADE)
 MySQL  localhost:3306 ssl  t2  SQL > insert into venta_detalle(VentaID, ProductoID, Cantidad) values(1,1,5), (1,2,3), (2,2,5), (6,1,4), (1,2,3), (4,3,4), (3,3,3);
Query OK, 7 rows affected (0.0298 sec)

Records: 7  Duplicates: 0  Warnings: 0
 MySQL  localhost:3306 ssl  t2  SQL > select * from venta_detalle;
+----------------+---------+------------+----------+
| Ventadetalleid | VentaID | ProductoID | Cantidad |
+----------------+---------+------------+----------+
|             22 |       1 |          1 |        5 |
|             23 |       1 |          2 |        3 |
|             24 |       2 |          2 |        5 |
|             25 |       6 |          1 |        4 |
|             26 |       1 |          2 |        3 |
|             27 |       4 |          3 |        4 |
|             28 |       3 |          3 |        3 |
+----------------+---------+------------+----------+
7 rows in set (0.0007 sec)
 MySQL  localhost:3306 ssl  t2  SQL >