EVA2_10_INNER_JOIN

MySQL Shell 8.0.35

Copyright (c) 2016, 2023, Oracle and/or its affiliates.
Oracle is a registered trademark of Oracle Corporation and/or its affiliates.
Other names may be trademarks of their respective owners.

Type '\help' or '\?' for help; '\quit' to exit.
 MySQL  JS > \sql
Switching to SQL mode... Commands end with ;
 MySQL  SQL > \c -mc root@localhost
WARNING: The -mc option was deprecated, please use --mc instead. (Option has been processed as --mc).
Creating a Classic session to 'root@localhost'
Fetching global names for auto-completion... Press ^C to stop.
Your MySQL connection id is 8
Server version: 8.0.35 MySQL Community Server - GPL
No default schema selected; type \use <schema> to set one.
 MySQL  localhost:3306 ssl  SQL > use sakila;
Default schema set to `sakila`.
Fetching global names, object names from `sakila` for auto-completion... Press ^C to stop.
 MySQL  localhost:3306 ssl  sakila  SQL > show tables;
+----------------------------+
| Tables_in_sakila           |
+----------------------------+
| actor                      |
| actor_info                 |
| address                    |
| category                   |
| city                       |
| country                    |
| customer                   |
| customer_list              |
| film                       |
| film_actor                 |
| film_category              |
| film_list                  |
| film_text                  |
| inventory                  |
| language                   |
| nicer_but_slower_film_list |
| payment                    |
| rental                     |
| sales_by_film_category     |
| sales_by_store             |
| staff                      |
| staff_list                 |
| store                      |
+----------------------------+
23 rows in set (0.0024 sec)
 MySQL  localhost:3306 ssl  sakila  SQL > desc customer;
+-------------+-------------------+------+-----+-------------------+-----------------------------------------------+
| Field       | Type              | Null | Key | Default           | Extra                                         |
+-------------+-------------------+------+-----+-------------------+-----------------------------------------------+
| customer_id | smallint unsigned | NO   | PRI | NULL              | auto_increment                                |
| store_id    | tinyint unsigned  | NO   | MUL | NULL              |                                               |
| first_name  | varchar(45)       | NO   |     | NULL              |                                               |
| last_name   | varchar(45)       | NO   | MUL | NULL              |                                               |
| email       | varchar(50)       | YES  |     | NULL              |                                               |
| address_id  | smallint unsigned | NO   | MUL | NULL              |                                               |
| active      | tinyint(1)        | NO   |     | 1                 |                                               |
| create_date | datetime          | NO   |     | NULL              |                                               |
| last_update | timestamp         | YES  |     | CURRENT_TIMESTAMP | DEFAULT_GENERATED on update CURRENT_TIMESTAMP |
+-------------+-------------------+------+-----+-------------------+-----------------------------------------------+
9 rows in set (0.0036 sec)
 MySQL  localhost:3306 ssl  sakila  SQL > desc payment;
+--------------+-------------------+------+-----+-------------------+-----------------------------------------------+
| Field        | Type              | Null | Key | Default           | Extra                                         |
+--------------+-------------------+------+-----+-------------------+-----------------------------------------------+
| payment_id   | smallint unsigned | NO   | PRI | NULL              | auto_increment                                |
| customer_id  | smallint unsigned | NO   | MUL | NULL              |                                               |
| staff_id     | tinyint unsigned  | NO   | MUL | NULL              |                                               |
| rental_id    | int               | YES  | MUL | NULL              |                                               |
| amount       | decimal(5,2)      | NO   |     | NULL              |                                               |
| payment_date | datetime          | NO   |     | NULL              |                                               |
| last_update  | timestamp         | YES  |     | CURRENT_TIMESTAMP | DEFAULT_GENERATED on update CURRENT_TIMESTAMP |
+--------------+-------------------+------+-----+-------------------+-----------------------------------------------+
7 rows in set (0.0020 sec)
 MySQL  localhost:3306 ssl  sakila  SQL > select b.last_name, b.first_name, a.amount
                                       -> from payment a
                                       -> inner join customer b
                                       -> on a.customer:id= b.customer_id
                                       -> order by b.last_name, b.first_name
                                       -> limit 200;
ERROR: 1064 (42000): You have an error in your SQL syntax; check the manual that corresponds to your MySQL server version for the right syntax to use near ':id= b.customer_id
order by b.last_name, b.first_name
limit 200' at line 4
 MySQL  localhost:3306 ssl  sakila  SQL > select b.last_name, b.first_name, a.amount from payment a inner join customer b on a.customer:id=b.customer_id order by b.last_name, b.first_name limit 200;
ERROR: 1064 (42000): You have an error in your SQL syntax; check the manual that corresponds to your MySQL server version for the right syntax to use near ':id=b.customer_id order by b.last_name, b.first_name limit 200' at line 1
 MySQL  localhost:3306 ssl  sakila  SQL > select b.last_name, b.first_name, a.amount from payment a inner join customer b on a.customer:id = b.customer_id order by b.last_name, b.first_name limit 200;
ERROR: 1064 (42000): You have an error in your SQL syntax; check the manual that corresponds to your MySQL server version for the right syntax to use near ':id = b.customer_id order by b.last_name, b.first_name limit 200' at line 1
 MySQL  localhost:3306 ssl  sakila  SQL > select b.last_name, b.first_name, a.amount from payment a inner join customer b on a.customer_id = b.customer_id order by b.last_name, b.first_name limit 200;
+-----------+------------+--------+
| last_name | first_name | amount |
+-----------+------------+--------+
| ABNEY     | RAFAEL     |   2.99 |
| ABNEY     | RAFAEL     |   2.99 |
| ABNEY     | RAFAEL     |   5.99 |
| ABNEY     | RAFAEL     |   4.99 |
| ABNEY     | RAFAEL     |   7.99 |
| ABNEY     | RAFAEL     |   5.99 |
| ABNEY     | RAFAEL     |   5.99 |
| ABNEY     | RAFAEL     |   6.99 |
| ABNEY     | RAFAEL     |   9.99 |
| ABNEY     | RAFAEL     |   4.99 |
| ABNEY     | RAFAEL     |   0.99 |
| ABNEY     | RAFAEL     |   4.99 |
| ABNEY     | RAFAEL     |   5.99 |
| ABNEY     | RAFAEL     |   2.99 |
| ABNEY     | RAFAEL     |   0.99 |
| ABNEY     | RAFAEL     |   2.99 |
| ABNEY     | RAFAEL     |   3.99 |
| ABNEY     | RAFAEL     |   2.99 |
| ABNEY     | RAFAEL     |   2.99 |
| ABNEY     | RAFAEL     |   4.99 |
| ABNEY     | RAFAEL     |   4.99 |
| ADAM      | NATHANIEL  |   5.99 |
| ADAM      | NATHANIEL  |   4.99 |
| ADAM      | NATHANIEL  |   4.99 |
| ADAM      | NATHANIEL  |   1.99 |
| ADAM      | NATHANIEL  |   6.99 |
| ADAM      | NATHANIEL  |   9.99 |
| ADAM      | NATHANIEL  |   6.99 |
| ADAM      | NATHANIEL  |   5.99 |
| ADAM      | NATHANIEL  |   0.99 |
| ADAM      | NATHANIEL  |   6.99 |
| ADAM      | NATHANIEL  |   3.99 |
| ADAM      | NATHANIEL  |   2.99 |
| ADAM      | NATHANIEL  |   2.99 |
| ADAM      | NATHANIEL  |   1.99 |
| ADAM      | NATHANIEL  |   4.99 |
| ADAM      | NATHANIEL  |   9.99 |
| ADAM      | NATHANIEL  |   0.99 |
| ADAM      | NATHANIEL  |   3.99 |
| ADAM      | NATHANIEL  |   2.99 |
| ADAM      | NATHANIEL  |   1.99 |
| ADAM      | NATHANIEL  |   2.99 |
| ADAM      | NATHANIEL  |   2.99 |
| ADAM      | NATHANIEL  |   2.99 |
| ADAM      | NATHANIEL  |   5.99 |
| ADAM      | NATHANIEL  |   4.99 |
| ADAM      | NATHANIEL  |   6.99 |
| ADAM      | NATHANIEL  |   8.99 |
| ADAM      | NATHANIEL  |   4.99 |
| ADAMS     | KATHLEEN   |   0.99 |
| ADAMS     | KATHLEEN   |   0.99 |
| ADAMS     | KATHLEEN   |   0.99 |
| ADAMS     | KATHLEEN   |   0.99 |
| ADAMS     | KATHLEEN   |   4.99 |
| ADAMS     | KATHLEEN   |   4.99 |
| ADAMS     | KATHLEEN   |   0.99 |
| ADAMS     | KATHLEEN   |   0.99 |
| ADAMS     | KATHLEEN   |   6.99 |
| ADAMS     | KATHLEEN   |   0.99 |
| ADAMS     | KATHLEEN   |   6.99 |
| ADAMS     | KATHLEEN   |   0.99 |
| ADAMS     | KATHLEEN   |   2.99 |
| ADAMS     | KATHLEEN   |   4.99 |
| ADAMS     | KATHLEEN   |   2.99 |
| ADAMS     | KATHLEEN   |   0.99 |
| ADAMS     | KATHLEEN   |   2.99 |
| ADAMS     | KATHLEEN   |   2.99 |
| ADAMS     | KATHLEEN   |   0.99 |
| ADAMS     | KATHLEEN   |   6.99 |
| ADAMS     | KATHLEEN   |   4.99 |
| ADAMS     | KATHLEEN   |   4.99 |
| ADAMS     | KATHLEEN   |   2.99 |
| ADAMS     | KATHLEEN   |   1.99 |
| ADAMS     | KATHLEEN   |   4.99 |
| ADAMS     | KATHLEEN   |   9.99 |
| ADAMS     | KATHLEEN   |   4.99 |
| ALEXANDER | DIANA      |   3.99 |
| ALEXANDER | DIANA      |   7.99 |
| ALEXANDER | DIANA      |   0.99 |
| ALEXANDER | DIANA      |   0.99 |
| ALEXANDER | DIANA      |   5.99 |
| ALEXANDER | DIANA      |   0.99 |
| ALEXANDER | DIANA      |   0.99 |
| ALEXANDER | DIANA      |   2.99 |
| ALEXANDER | DIANA      |   2.99 |
| ALEXANDER | DIANA      |   4.99 |
| ALEXANDER | DIANA      |   0.99 |
| ALEXANDER | DIANA      |   4.99 |
| ALEXANDER | DIANA      |   2.99 |
| ALEXANDER | DIANA      |   4.99 |
| ALEXANDER | DIANA      |   6.99 |
| ALEXANDER | DIANA      |   3.99 |
| ALEXANDER | DIANA      |   4.99 |
| ALEXANDER | DIANA      |   3.99 |
| ALEXANDER | DIANA      |   4.99 |
| ALEXANDER | DIANA      |   4.99 |
| ALEXANDER | DIANA      |   3.99 |
| ALEXANDER | DIANA      |   4.99 |
| ALEXANDER | DIANA      |   4.99 |
| ALEXANDER | DIANA      |   0.99 |
| ALEXANDER | DIANA      |   4.99 |
| ALEXANDER | DIANA      |   3.99 |
| ALEXANDER | DIANA      |   4.99 |
| ALLARD    | GORDON     |   2.99 |
| ALLARD    | GORDON     |   0.99 |
| ALLARD    | GORDON     |   0.99 |
| ALLARD    | GORDON     |   7.99 |
| ALLARD    | GORDON     |   5.99 |
| ALLARD    | GORDON     |   4.99 |
| ALLARD    | GORDON     |   4.99 |
| ALLARD    | GORDON     |   4.99 |
| ALLARD    | GORDON     |   6.99 |
| ALLARD    | GORDON     |   4.99 |
| ALLARD    | GORDON     |   3.99 |
| ALLARD    | GORDON     |   2.99 |
| ALLARD    | GORDON     |   4.99 |
| ALLARD    | GORDON     |  10.99 |
| ALLARD    | GORDON     |   5.99 |
| ALLARD    | GORDON     |   4.99 |
| ALLARD    | GORDON     |   8.99 |
| ALLARD    | GORDON     |   6.99 |
| ALLARD    | GORDON     |   5.99 |
| ALLARD    | GORDON     |   2.99 |
| ALLARD    | GORDON     |   4.99 |
| ALLARD    | GORDON     |   0.99 |
| ALLARD    | GORDON     |   4.99 |
| ALLARD    | GORDON     |   1.99 |
| ALLARD    | GORDON     |   2.99 |
| ALLARD    | GORDON     |   0.99 |
| ALLARD    | GORDON     |   3.99 |
| ALLARD    | GORDON     |   8.99 |
| ALLARD    | GORDON     |  10.99 |
| ALLARD    | GORDON     |   4.99 |
| ALLARD    | GORDON     |   4.99 |
| ALLARD    | GORDON     |   4.99 |
| ALLEN     | SHIRLEY    |   2.99 |
| ALLEN     | SHIRLEY    |   4.99 |
| ALLEN     | SHIRLEY    |   4.99 |
| ALLEN     | SHIRLEY    |   2.99 |
| ALLEN     | SHIRLEY    |   3.99 |
| ALLEN     | SHIRLEY    |   2.99 |
| ALLEN     | SHIRLEY    |   4.99 |
| ALLEN     | SHIRLEY    |   1.99 |
| ALLEN     | SHIRLEY    |   3.99 |
| ALLEN     | SHIRLEY    |   0.99 |
| ALLEN     | SHIRLEY    |   5.99 |
| ALLEN     | SHIRLEY    |   0.99 |
| ALLEN     | SHIRLEY    |   4.99 |
| ALLEN     | SHIRLEY    |   0.99 |
| ALLEN     | SHIRLEY    |   5.99 |
| ALLEN     | SHIRLEY    |   4.99 |
| ALLEN     | SHIRLEY    |   1.99 |
| ALLEN     | SHIRLEY    |   0.99 |
| ALLEN     | SHIRLEY    |   5.99 |
| ALLEN     | SHIRLEY    |   7.99 |
| ALLEN     | SHIRLEY    |   4.99 |
| ALLEN     | SHIRLEY    |   7.99 |
| ALLEN     | SHIRLEY    |   4.99 |
| ALLEN     | SHIRLEY    |   0.99 |
| ALLEN     | SHIRLEY    |   8.99 |
| ALLEN     | SHIRLEY    |   6.99 |
| ALLEN     | SHIRLEY    |   5.99 |
| ALLEN     | SHIRLEY    |   0.99 |
| ALLEN     | SHIRLEY    |   2.99 |
| ALLEN     | SHIRLEY    |   4.99 |
| ALLEN     | SHIRLEY    |   0.99 |
| ALVAREZ   | CHARLENE   |   0.99 |
| ALVAREZ   | CHARLENE   |   3.99 |
| ALVAREZ   | CHARLENE   |   0.99 |
| ALVAREZ   | CHARLENE   |   2.99 |
| ALVAREZ   | CHARLENE   |   2.99 |
| ALVAREZ   | CHARLENE   |   2.99 |
| ALVAREZ   | CHARLENE   |   0.99 |
| ALVAREZ   | CHARLENE   |   0.99 |
| ALVAREZ   | CHARLENE   |   8.99 |
| ALVAREZ   | CHARLENE   |   9.99 |
| ALVAREZ   | CHARLENE   |   2.99 |
| ALVAREZ   | CHARLENE   |   4.99 |
| ALVAREZ   | CHARLENE   |   7.99 |
| ALVAREZ   | CHARLENE   |  10.99 |
| ALVAREZ   | CHARLENE   |   2.99 |
| ALVAREZ   | CHARLENE   |   4.99 |
| ALVAREZ   | CHARLENE   |   4.99 |
| ALVAREZ   | CHARLENE   |   0.99 |
| ALVAREZ   | CHARLENE   |   3.99 |
| ALVAREZ   | CHARLENE   |   4.99 |
| ALVAREZ   | CHARLENE   |   2.99 |
| ALVAREZ   | CHARLENE   |   4.99 |
| ALVAREZ   | CHARLENE   |   4.99 |
| ALVAREZ   | CHARLENE   |   2.99 |
| ALVAREZ   | CHARLENE   |   2.99 |
| ALVAREZ   | CHARLENE   |   4.99 |
| ALVAREZ   | CHARLENE   |   4.99 |
| ANDERSON  | LISA       |   6.99 |
| ANDERSON  | LISA       |   6.99 |
| ANDERSON  | LISA       |   7.99 |
| ANDERSON  | LISA       |   0.99 |
| ANDERSON  | LISA       |   2.99 |
| ANDERSON  | LISA       |   4.99 |
| ANDERSON  | LISA       |   5.99 |
+-----------+------------+--------+
200 rows in set (0.0489 sec)
 MySQL  localhost:3306 ssl  sakila  SQL > show create table payment;
+---------+---------------------------------------------------------------------------------------------------------------------------------------------------------------------------------------------------------------------------------------------------------------------------------------------------------------------------------------------------------------------------------------------------------------------------------------------------------------------------------------------------------------------------------------------------------------------------------------------------------------------------------------------------------------------------------------------------------------------------------------------------------------------------------------------------------------------------------------------------------------------------------------------------------------------------------------------------------------------------------------------------------------------------------+
| Table   | Create Table                                                                                                                                                                                                                                                                                                                                                                                                                                                                                                                                                                                                                                                                                                                                                                                                                                                                                                                                                                                                                    |
+---------+---------------------------------------------------------------------------------------------------------------------------------------------------------------------------------------------------------------------------------------------------------------------------------------------------------------------------------------------------------------------------------------------------------------------------------------------------------------------------------------------------------------------------------------------------------------------------------------------------------------------------------------------------------------------------------------------------------------------------------------------------------------------------------------------------------------------------------------------------------------------------------------------------------------------------------------------------------------------------------------------------------------------------------+
| payment | CREATE TABLE `payment` (
  `payment_id` smallint unsigned NOT NULL AUTO_INCREMENT,
  `customer_id` smallint unsigned NOT NULL,
  `staff_id` tinyint unsigned NOT NULL,
  `rental_id` int DEFAULT NULL,
  `amount` decimal(5,2) NOT NULL,
  `payment_date` datetime NOT NULL,
  `last_update` timestamp NULL DEFAULT CURRENT_TIMESTAMP ON UPDATE CURRENT_TIMESTAMP,
  PRIMARY KEY (`payment_id`),
  KEY `idx_fk_staff_id` (`staff_id`),
  KEY `idx_fk_customer_id` (`customer_id`),
  KEY `fk_payment_rental` (`rental_id`),
  CONSTRAINT `fk_payment_customer` FOREIGN KEY (`customer_id`) REFERENCES `customer` (`customer_id`) ON DELETE RESTRICT ON UPDATE CASCADE,
  CONSTRAINT `fk_payment_rental` FOREIGN KEY (`rental_id`) REFERENCES `rental` (`rental_id`) ON DELETE SET NULL ON UPDATE CASCADE,
  CONSTRAINT `fk_payment_staff` FOREIGN KEY (`staff_id`) REFERENCES `staff` (`staff_id`) ON DELETE RESTRICT ON UPDATE CASCADE
) ENGINE=InnoDB AUTO_INCREMENT=16050 DEFAULT CHARSET=utf8mb4 COLLATE=utf8mb4_0900_ai_ci |
+---------+---------------------------------------------------------------------------------------------------------------------------------------------------------------------------------------------------------------------------------------------------------------------------------------------------------------------------------------------------------------------------------------------------------------------------------------------------------------------------------------------------------------------------------------------------------------------------------------------------------------------------------------------------------------------------------------------------------------------------------------------------------------------------------------------------------------------------------------------------------------------------------------------------------------------------------------------------------------------------------------------------------------------------------+
1 row in set (0.0047 sec)
 MySQL  localhost:3306 ssl  sakila  SQL > select * froma rental limit 50;
ERROR: 1064 (42000): You have an error in your SQL syntax; check the manual that corresponds to your MySQL server version for the right syntax to use near 'froma rental limit 50' at line 1
 MySQL  localhost:3306 ssl  sakila  SQL > select * froma renta limit 50;
ERROR: 1064 (42000): You have an error in your SQL syntax; check the manual that corresponds to your MySQL server version for the right syntax to use near 'froma renta limit 50' at line 1
 MySQL  localhost:3306 ssl  sakila  SQL > show tables;
+----------------------------+
| Tables_in_sakila           |
+----------------------------+
| actor                      |
| actor_info                 |
| address                    |
| category                   |
| city                       |
| country                    |
| customer                   |
| customer_list              |
| film                       |
| film_actor                 |
| film_category              |
| film_list                  |
| film_text                  |
| inventory                  |
| language                   |
| nicer_but_slower_film_list |
| payment                    |
| rental                     |
| sales_by_film_category     |
| sales_by_store             |
| staff                      |
| staff_list                 |
| store                      |
+----------------------------+
23 rows in set (0.0015 sec)
 MySQL  localhost:3306 ssl  sakila  SQL > desc address;
+-------------+-------------------+------+-----+-------------------+-----------------------------------------------+
| Field       | Type              | Null | Key | Default           | Extra                                         |
+-------------+-------------------+------+-----+-------------------+-----------------------------------------------+
| address_id  | smallint unsigned | NO   | PRI | NULL              | auto_increment                                |
| address     | varchar(50)       | NO   |     | NULL              |                                               |
| address2    | varchar(50)       | YES  |     | NULL              |                                               |
| district    | varchar(20)       | NO   |     | NULL              |                                               |
| city_id     | smallint unsigned | NO   | MUL | NULL              |                                               |
| postal_code | varchar(10)       | YES  |     | NULL              |                                               |
| phone       | varchar(20)       | NO   |     | NULL              |                                               |
| location    | geometry          | NO   | MUL | NULL              |                                               |
| last_update | timestamp         | NO   |     | CURRENT_TIMESTAMP | DEFAULT_GENERATED on update CURRENT_TIMESTAMP |
+-------------+-------------------+------+-----+-------------------+-----------------------------------------------+
9 rows in set (0.0021 sec)
 MySQL  localhost:3306 ssl  sakila  SQL > select a.store_id, b.address, b.address2,
                                       -> b.postal_code, b.phone
                                       -> from store a
                                       -> inner join address b
                                       -> on a.address_id = b.adress_id
                                       -> limit 50;
ERROR: 1054 (42S22): Unknown column 'b.adress_id' in 'on clause'
 MySQL  localhost:3306 ssl  sakila  SQL > select a.store_id, b.address, b.address2,  b.postal_code, b.phone from store a inner join address b on a.address_id = b.address_id limit 50;
+----------+--------------------+----------+-------------+-------+
| store_id | address            | address2 | postal_code | phone |
+----------+--------------------+----------+-------------+-------+
|        1 | 47 MySakila Drive  | NULL     |             |       |
|        2 | 28 MySQL Boulevard | NULL     |             |       |
+----------+--------------------+----------+-------------+-------+
2 rows in set (0.0524 sec)
 MySQL  localhost:3306 ssl  sakila  SQL > desc customer;
+-------------+-------------------+------+-----+-------------------+-----------------------------------------------+
| Field       | Type              | Null | Key | Default           | Extra                                         |
+-------------+-------------------+------+-----+-------------------+-----------------------------------------------+
| customer_id | smallint unsigned | NO   | PRI | NULL              | auto_increment                                |
| store_id    | tinyint unsigned  | NO   | MUL | NULL              |                                               |
| first_name  | varchar(45)       | NO   |     | NULL              |                                               |
| last_name   | varchar(45)       | NO   | MUL | NULL              |                                               |
| email       | varchar(50)       | YES  |     | NULL              |                                               |
| address_id  | smallint unsigned | NO   | MUL | NULL              |                                               |
| active      | tinyint(1)        | NO   |     | 1                 |                                               |
| create_date | datetime          | NO   |     | NULL              |                                               |
| last_update | timestamp         | YES  |     | CURRENT_TIMESTAMP | DEFAULT_GENERATED on update CURRENT_TIMESTAMP |
+-------------+-------------------+------+-----+-------------------+-----------------------------------------------+
9 rows in set (0.0016 sec)
 MySQL  localhost:3306 ssl  sakila  SQL > select a.store_id, b.address, b.address2,  b.postal_code, b.phone from store a inner join address b on a.address_id = b.adress_id order by a.last_name, a.first_name limit 50;
ERROR: 1054 (42S22): Unknown column 'b.adress_id' in 'on clause'
 MySQL  localhost:3306 ssl  sakila  SQL > select a.store_id, b.address, b.address2,  b.postal_code, b.phone from store a inner join address b on a.address_id = a.adress_id order by a.last_name, a.first_name limit 50;
ERROR: 1054 (42S22): Unknown column 'a.adress_id' in 'on clause'
 MySQL  localhost:3306 ssl  sakila  SQL > select a.last_name, a.first_name, b.address, b.postal_code, b.phone, b.city_id, from customer a inner join address b on a.address_id = b.address_id;
ERROR: 1064 (42000): You have an error in your SQL syntax; check the manual that corresponds to your MySQL server version for the right syntax to use near 'from customer a inner join address b on a.address_id = b.address_id' at line 1
 MySQL  localhost:3306 ssl  sakila  SQL > select a.last_name, a.first_name, b.address, b.postal_code, b.phone, b.city_id, from customer a inner join address b on a.address_id = b.address_id;
ERROR: 1064 (42000): You have an error in your SQL syntax; check the manual that corresponds to your MySQL server version for the right syntax to use near 'from customer a inner join address b on a.address_id = b.address_id' at line 1
 MySQL  localhost:3306 ssl  sakila  SQL > select a.last_name, a.first_name, b.address, b.postal_code, b.phone, c.city from customer a inner join address b on a.address_id = b.address_id;
ERROR: 1054 (42S22): Unknown column 'c.city' in 'field list'
 MySQL  localhost:3306 ssl  sakila  SQL > select a.last_name, a.first_name, b.address, b.postal_code, b.phone, c.city from customer a inner join address b on a.address_id = b.address_id
                                       -> inner join city c
                                       -> on b.city_id = c.city_id
                                       -> order by a.last_name, a.first_name;
+--------------+-------------+----------------------------------------+-------------+--------------+----------------------------+
| last_name    | first_name  | address                                | postal_code | phone        | city                       |
+--------------+-------------+----------------------------------------+-------------+--------------+----------------------------+
| ABNEY        | RAFAEL      | 48 Maracabo Place                      | 1570        | 82671830126  | Talavera                   |
| ADAM         | NATHANIEL   | 786 Matsue Way                         | 37469       | 111177206479 | Joliet                     |
| ADAMS        | KATHLEEN    | 334 Munger (Monghyr) Lane              | 38145       | 481183273622 | Arak                       |
| ALEXANDER    | DIANA       | 1308 Arecibo Way                       | 30695       | 6171054059   | Augusta-Richmond County    |
| ALLARD       | GORDON      | 434 Ourense (Orense) Manor             | 14122       | 562370137426 | Hodeida                    |
| ALLEN        | SHIRLEY     | 217 Botshabelo Place                   | 49521       | 665356572025 | Davao                      |
| ALVAREZ      | CHARLENE    | 1842 Luzinia Boulevard                 | 94420       | 706878974831 | Zanzibar                   |
| ANDERSON     | LISA        | 1542 Tarlac Parkway                    | 1027        | 635297277345 | Sagamihara                 |
| ANDREW       | JOSE        | 1016 Iwakuni Street                    | 49833       | 961370847344 | Kingstown                  |
| ANDREWS      | IDA         | 1839 Szkesfehrvr Parkway               | 55709       | 947468818183 | Luziânia                   |
| AQUINO       | OSCAR       | 956 Nam Dinh Manor                     | 21872       | 474047727727 | Sirjan                     |
| ARCE         | HARRY       | 1922 Miraj Way                         | 13203       | 320471479776 | Najafabad                  |
| ARCHULETA    | JORDAN      | 1229 Varanasi (Benares) Manor          | 40195       | 817740355461 | Avellaneda                 |
| ARMSTRONG    | MELANIE     | 1166 Changhwa Street                   | 58852       | 650752094490 | Bayugan                    |
| ARNOLD       | BEATRICE    | 1877 Ezhou Lane                        | 63337       | 264541743403 | Udaipur                    |
| ARSENAULT    | KENT        | 32 Liaocheng Way                       | 1944        | 410877354933 | Juiz de Fora               |
| ARTIS        | CARL        | 1628 Nagareyama Lane                   | 60079       | 20064292617  | San Lorenzo                |
| ASHCRAFT     | DARRYL      | 166 Jinchang Street                    | 86760       | 717566026669 | Ezeiza                     |
| ASHER        | TYRONE      | 191 Jos Azueta Parkway                 | 13629       | 932156667696 | Ruse                       |
| AUSTIN       | ALMA        | 1074 Binzhou Manor                     | 36490       | 331132568928 | Mannheim                   |
| BAILEY       | MILDRED     | 81 Hodeida Way                         | 55561       | 250767749542 | Jaipur                     |
| BAKER        | PAMELA      | 1440 Fukuyama Loop                     | 47929       | 912257250465 | Nanyang                    |
| BALES        | MARTIN      | 368 Hunuco Boulevard                   | 17165       | 106439158941 | Namibe                     |
| BANDA        | EVERETT     | 1741 Hoshiarpur Boulevard              | 22372       | 855066328617 | Bilbays                    |
| BANKS        | JESSIE      | 1229 Valencia Parkway                  | 99124       | 352679173732 | Stara Zagora               |
| BARBEE       | CLAYTON     | 1407 Pachuca de Soto Place             | 26284       | 380077794770 | Alvorada                   |
| BARCLAY      | ANGEL       | 496 Celaya Drive                       | 90797       | 759586584889 | Ueda                       |
| BARFIELD     | NICHOLAS    | 1163 London Parkway                    | 6066        | 675120358494 | Belém                      |
| BARKLEY      | VICTOR      | 401 Sucre Boulevard                    | 25007       | 486395999608 | Manchester                 |
| BARNES       | RACHEL      | 586 Tete Way                           | 1079        | 18581624103  | Kamakura                   |
| BARNETT      | CAROLE      | 1980 Kamjanets-Podilskyi Street        | 89502       | 874337098891 | Peoria                     |
| BARRETT      | TRACEY      | 1006 Santa Brbara dOeste Manor         | 36229       | 85059738746  | Owo                        |
| BATES        | DAISY       | 661 Chisinau Lane                      | 8856        | 816436065431 | Kolpino                    |
| BAUGH        | EDWARD      | 1359 Zhoushan Parkway                  | 29763       | 46568045367  | Tórshavn                   |
| BAUGHMAN     | ROBERT      | 1883 Maikop Lane                       | 68469       | 96110042435  | Kaliningrad                |
| BELL         | JEAN        | 1114 Liepaja Street                    | 69226       | 212869228936 | Kuching                    |
| BENNER       | CHESTER     | 1574 Goinia Boulevard                  | 39529       | 59634255214  | Suihua                     |
| BENNETT      | JANE        | 1692 Ede Loop                          | 9223        | 918711376618 | Araçatuba                  |
| BERRY        | REGINA      | 475 Atinsk Way                         | 59571       | 201705577290 | Jinchang                   |
| BESS         | CHARLIE     | 362 Rajkot Lane                        | 98030       | 962020153680 | Baiyin                     |
| BETANCOURT   | MIGUEL      | 319 Springs Loop                       | 99552       | 72524459905  | Erlangen                   |
| BILLINGSLEY  | HENRY       | 1516 Escobar Drive                     | 46069       | 64536069371  | Nuku´alofa                 |
| BISHOP       | AGNES       | 866 Shivapuri Manor                    | 22474       | 778502731092 | Sambhal                    |
| BLACK        | VALERIE     | 782 Mosul Street                       | 25545       | 885899703621 | Brockton                   |
| BLAKELY      | DEREK       | 118 Jaffna Loop                        | 10447       | 325526730021 | Gingoog                    |
| BOLIN        | MATHEW      | 163 Augusta-Richmond County Loop       | 33030       | 754579047924 | Valencia                   |
| BONE         | DON         | 596 Huixquilucan Place                 | 65892       | 342709348083 | Naçala-Porto               |
| BOSTIC       | LEON        | 734 Tanshui Avenue                     | 70664       | 366776723320 | Florencia                  |
| BOUDREAU     | BOBBY       | 1368 Maracabo Boulevard                | 32716       | 934352415130 | South Hill                 |
| BOURQUE      | DERRICK     | 1153 Allende Way                       | 20336       | 856872225376 | Gatineau                   |
| BOWENS       | CLIFFORD    | 207 Cuernavaca Loop                    | 52671       | 782900030287 | Nabereznyje Tšelny         |
| BOWMAN       | CAROLINE    | 1309 Weifang Street                    | 57338       | 435785045362 | Tallahassee                |
| BOX          | BYRON       | 521 San Juan Bautista Tuxtepec Place   | 95093       | 844018348565 | Zhezqazghan                |
| BOYD         | EMMA        | 765 Southampton Drive                  | 4285        | 23712411567  | Qalyub                     |
| BRADLEY      | ANA         | 682 Garden Grove Place                 | 67497       | 72136330362  | Memphis                    |
| BREAUX       | TED         | 183 Haiphong Street                    | 69953       | 488600270038 | Baicheng                   |
| BREWER       | VICKIE      | 1966 Tonghae Street                    | 36481       | 567359279425 | Halle/Saale                |
| BRINSON      | RUSSELL     | 1642 Charlotte Amalie Drive            | 75442       | 821476736117 | Tychy                      |
| BROOKS       | BEVERLY     | 1947 Poos de Caldas Boulevard          | 60951       | 427454485876 | Chiayi                     |
| BROTHERS     | CHRIS       | 331 Bydgoszcz Parkway                  | 966         | 537374465982 | Gijón                      |
| BROWN        | ELIZABETH   | 53 Idfu Parkway                        | 42399       | 10655648674  | Nantou                     |
| BROWNLEE     | GUY         | 346 Cam Ranh Avenue                    | 39976       | 978430786151 | Zhoushan                   |
| BRYANT       | PAULA       | 1697 Tanauan Lane                      | 22870       | 4764773857   | Pathankot                  |
| BUFORD       | CLINTON     | 43 Vilnius Manor                       | 79814       | 484500282381 | Aurora                     |
| BULL         | WESLEY      | 1469 Plock Lane                        | 95835       | 622884741180 | Ourense (Orense)           |
| BUNN         | TIMOTHY     | 981 Kumbakonam Place                   | 87611       | 829116184079 | Brasília                   |
| BURK         | EDWIN       | 1766 Almirante Brown Street            | 63104       | 617567598243 | Newcastle                  |
| BURKE        | LYDIA       | 1483 Pathankot Street                  | 37288       | 686015532180 | San Miguel de Tucumán      |
| BURLESON     | SIDNEY      | 1405 Hagonoy Avenue                    | 86587       | 867287719310 | Czestochowa                |
| BURNS        | APRIL       | 483 Ljubertsy Parkway                  | 60562       | 581174211853 | Dundee                     |
| BURTON       | COLLEEN     | 430 Alessandria Loop                   | 47446       | 669828224459 | Saarbrücken                |
| BUSTAMANTE   | LEROY       | 105 Dzerzinsk Manor                    | 48570       | 240776414296 | Tongliao                   |
| BUTLER       | LOIS        | 1370 Le Mans Avenue                    | 52163       | 345679835036 | Bandar Seri Begawan        |
| BUTTERFIELD  | ALLEN       | 791 Salinas Street                     | 40509       | 129953030512 | Hoshiarpur                 |
| BYRD         | DEANNA      | 862 Xintai Lane                        | 30065       | 265153400632 | Tuguegarao                 |
| CABRAL       | DANIEL      | 543 Bergamo Avenue                     | 59686       | 103602195112 | Ibirité                    |
| CALDWELL     | KAY         | 85 San Felipe de Puerto Plata Drive    | 46063       | 170739645687 | Yantai                     |
| CAMPBELL     | CATHERINE   | 46 Pjatigorsk Lane                     | 23616       | 262076994845 | Moscow                     |
| CARBONE      | CHAD        | 1948 Bayugan Parkway                   | 60622       | 987306329957 | Katihar                    |
| CARLSON      | TERRY       | 752 Ondo Loop                          | 32474       | 134673576619 | Miyakonojo                 |
| CARPENTER    | LORETTA     | 891 Novi Sad Manor                     | 5379        | 247646995453 | Oshawa                     |
| CARR         | EILEEN      | 1679 Antofagasta Street                | 86599       | 905903574913 | Ciudad del Este            |
| CARRANZA     | TONY        | 454 Patiala Lane                       | 13496       | 794553031307 | Koriyama                   |
| CARROLL      | JUNE        | 757 Rustenburg Avenue                  | 89668       | 506134035434 | Skikda                     |
| CARTER       | AMANDA      | 671 Graz Street                        | 94399       | 680768868518 | Nador                      |
| CARY         | TIM         | 1257 Guadalajara Street                | 33599       | 195337700615 | Bijapur                    |
| CASILLAS     | ALFRED      | 1727 Matamoros Place                   | 78813       | 129673677866 | Sawhaj                     |
| CASTILLO     | GERTRUDE    | 850 Salala Loop                        | 10800       | 403404780639 | Nuuk                       |
| CASTRO       | JENNY       | 1405 Chisinau Place                    | 8160        | 62781725285  | Ponce                      |
| CAUSEY       | PHILIP      | 954 Lapu-Lapu Way                      | 8816        | 737229003916 | Korolev                    |
| CHAMBERS     | KRISTINA    | 544 Tarsus Boulevard                   | 53145       | 892523334    | Valle de la Pascua         |
| CHAPA        | VERNON      | 698 Jelets Boulevard                   | 2596        | 975185523021 | Denizli                    |
| CHAPMAN      | TONYA       | 43 Dadu Avenue                         | 4855        | 95666951770  | Bhilwara                   |
| CHAVEZ       | KRISTEN     | 345 Oshawa Boulevard                   | 32114       | 104491201771 | Hino                       |
| CHEATHAM     | MARIO       | 1924 Shimonoseki Drive                 | 52625       | 406784385440 | Batna                      |
| CHESTNUT     | PEDRO       | 421 Yaound Street                      | 11363       | 726875628268 | Šostka                     |
| CHISHOLM     | JOHNNIE     | 1501 Pangkal Pinang Avenue             | 943         | 770864062795 | Plock                      |
| CHOATE       | RAMON       | 1954 Kowloon and New Kowloon Way       | 63667       | 898559280434 | Ríobamba                   |
| CHRISTENSON  | NELSON      | 1764 Jalib al-Shuyukh Parkway          | 77642       | 84794532510  | Santiago de Compostela     |
| CHURCHILL    | FERNANDO    | 193 Bhusawal Place                     | 9750        | 745267607502 | Tonghae                    |
| CINTRON      | AUSTIN      | 1325 Fukuyama Street                   | 27107       | 288241215394 | Tieli                      |
| CLARK        | MICHELLE    | 262 A Corua (La Corua) Parkway         | 34418       | 892775750063 | Tangail                    |
| CLARY        | ADRIAN      | 1986 Sivas Place                       | 95775       | 182059202712 | Udine                      |
| COLBY        | BERNARD     | 495 Bhimavaram Lane                    | 3           | 82088937724  | Dhule (Dhulia)             |
| COLE         | TRACY       | 1002 Ahmadnagar Manor                  | 93026       | 371490777743 | Huixquilucan               |
| COLEMAN      | KATHRYN     | 927 Baha Blanca Parkway                | 9495        | 821972242086 | Simferopol                 |
| COLLAZO      | TOMMY       | 76 Kermanshah Manor                    | 23343       | 762361821578 | Qomsheh                    |
| COLLINS      | DIANE       | 115 Hidalgo Parkway                    | 80168       | 307703950263 | Omdurman                   |
| COOK         | GLORIA      | 1668 Saint Louis Place                 | 39072       | 347487831378 | Papeete                    |
| COOPER       | JOAN        | 1717 Guadalajara Lane                  | 85505       | 914090181665 | Saint Louis                |
| CORNISH      | ALLAN       | 947 Trshavn Place                      | 841         | 50898428626  | Tarlac                     |
| CORNWELL     | BRETT       | 1197 Sokoto Boulevard                  | 87687       | 868602816371 | Siliguri (Shiliguri)       |
| COUGHLIN     | CARLOS      | 97 Mogiljov Lane                       | 89294       | 924815207181 | Bhavnagar                  |
| COX          | JUDITH      | 1966 Amroha Avenue                     | 70385       | 333489324603 | Daxian                     |
| COY          | GARY        | 867 Benin City Avenue                  | 78543       | 168884817145 | Yuzhou                     |
| CRAIG        | BOBBIE      | 86 Higashiosaka Lane                   | 33768       | 957128697225 | Valle de Santiago          |
| CRAWFORD     | ESTHER      | 898 Belm Manor                         | 49757       | 707169393853 | Botshabelo                 |
| CRAWLEY      | MAURICE     | 1785 So Bernardo do Campo Street       | 71182       | 684529463244 | Coatzacoalcos              |
| CROMWELL     | IVAN        | 1351 Sousse Lane                       | 37815       | 203804046132 | Monclova                   |
| CROUSE       | ALBERT      | 1641 Changhwa Place                    | 37636       | 256546485220 | Bamenda                    |
| CRUZ         | KIM         | 333 Goinia Way                         | 78625       | 909029256431 | Grand Prairie              |
| CULP         | THEODORE    | 1704 Tambaram Manor                    | 2834        | 39463554936  | Uluberia                   |
| CULPEPPER    | EUGENE      | 686 Donostia-San Sebastin Lane         | 97390       | 71857599858  | Shenzhen                   |
| CUNNINGHAM   | STACY       | 1410 Benin City Parkway                | 29747       | 104150372603 | Pereira                    |
| CURLEY       | STEVEN      | 651 Pathankot Loop                     | 59811       | 139378397418 | Miraj                      |
| CURRIER      | NORMAN      | 1445 Carmen Parkway                    | 70809       | 598912394463 | Cianjur                    |
| CURTIS       | LEAH        | 906 Goinia Way                         | 83565       | 701767622697 | Kalisz                     |
| DANIELS      | DANIELLE    | 781 Shimonoseki Drive                  | 95444       | 632316273199 | Hidalgo                    |
| DAVIDSON     | PATSY       | 816 Cayenne Parkway                    | 93629       | 282874611748 | Portoviejo                 |
| DAVIS        | JENNIFER    | 1795 Santiago de Compostela Way        | 18743       | 860452626434 | Laredo                     |
| DAY          | COURTNEY    | 300 Junan Street                       | 81314       | 890289150158 | Uijongbu                   |
| DEAN         | MARCIA      | 1479 Rustenburg Boulevard              | 18727       | 727785483194 | Tanza                      |
| DELOACH      | ALVIN       | 1447 Chatsworth Place                  | 41545       | 769370126331 | Cuauhtémoc                 |
| DELUCA       | RON         | 1949 Sanya Street                      | 61244       | 132100972047 | Isesaki                    |
| DELVALLE     | WADE        | 1331 Usak Boulevard                    | 61960       | 145308717464 | Lausanne                   |
| DEVORE       | HERMAN      | 64 Korla Street                        | 25145       | 510383179153 | Mwanza                     |
| DIAZ         | EMILY       | 588 Vila Velha Manor                   | 51540       | 333339908719 | Kimchon                    |
| DIXON        | AMBER       | 1029 Dzerzinsk Manor                   | 57519       | 33173584456  | Touliu                     |
| DOUGLAS      | MARSHA      | 771 Yaound Manor                       | 86768       | 245477603573 | Beira                      |
| DOUGLASS     | SEAN        | 614 Pak Kret Street                    | 27796       | 47808359842  | Addis Abeba                |
| DOWD         | LLOYD       | 935 Aden Boulevard                     | 64709       | 335052544020 | Tegal                      |
| DUGGAN       | FREDDIE     | 1103 Quilmes Boulevard                 | 52137       | 644021380889 | Sullana                    |
| DUNCAN       | SAMANTHA    | 146 Johannesburg Way                   | 54132       | 953689007081 | Matamoros                  |
| DUNN         | ERIN        | 1623 Baha Blanca Manor                 | 81511       | 149981248346 | Ljubertsy                  |
| EAST         | JEFF        | 437 Chungho Drive                      | 59489       | 491271355190 | San Felipe de Puerto Plata |
| EASTER       | BEN         | 886 Tonghae Place                      | 19450       | 711928348157 | Kamyšin                    |
| EBERT        | LEO         | 1322 Mosul Parkway                     | 95400       | 268053970382 | Dongying                   |
| EDWARDS      | JOYCE       | 725 Isesaki Place                      | 74428       | 876295323994 | Jedda                      |
| EGGLESTON    | JIMMIE      | 505 Madiun Boulevard                   | 97271       | 970638808606 | Wroclaw                    |
| ELLINGTON    | MELVIN      | 1557 Cape Coral Parkway                | 46875       | 368284120423 | Laohekou                   |
| ELLIOTT      | KATIE       | 447 Surakarta Loop                     | 10428       | 940830176580 | Kisumu                     |
| ELLIS        | GRACE       | 442 Rae Bareli Place                   | 24321       | 886636413768 | Duisburg                   |
| ELROD        | JAVIER      | 195 Ilorin Street                      | 49250       | 8912935608   | NDjamna                    |
| ELY          | JARED       | 1003 Qinhuangdao Street                | 25972       | 35533115997  | Purwakarta                 |
| EMMONS       | KURT        | 1421 Quilmes Lane                      | 19151       | 135407755975 | Kanazawa                   |
| ESTEP        | TRAVIS      | 289 Santo Andr Manor                   | 72410       | 214976066017 | al-Qatif                   |
| EVANS        | ANN         | 909 Garland Manor                      | 69367       | 705800322606 | Niznekamsk                 |
| FARNSWORTH   | JOHN        | 41 El Alto Parkway                     | 56883       | 51917807050  | Parbhani                   |
| FENNELL      | ALEXANDER   | 231 Kaliningrad Place                  | 57833       | 575081026569 | Bergamo                    |
| FERGUSON     | BERTHA      | 1367 Yantai Manor                      | 21294       | 889538496300 | Ondo                       |
| FERNANDEZ    | MELINDA     | 1820 Maring Parkway                    | 88307       | 99760893676  | Mandi Bahauddin            |
| FIELDS       | VICKI       | 68 Molodetno Manor                     | 4662        | 146640639760 | Witten                     |
| FISHER       | CINDY       | 1079 Tel Aviv-Jaffa Boulevard          | 10885       | 358178933857 | Cumaná                     |
| FLEMING      | MYRTLE      | 532 Toulon Street                      | 69517       | 46871694740  | Santiago de los Caballeros |
| FLETCHER     | MAE         | 44 Najafabad Way                       | 61391       | 96604821070  | Donostia-San Sebastián     |
| FLORES       | JULIA       | 1926 El Alto Avenue                    | 75543       | 846225459260 | La Plata                   |
| FORD         | CRYSTAL     | 659 Vaduz Drive                        | 49708       | 709935135487 | Ashdod                     |
| FORMAN       | MICHEAL     | 203 Tambaram Street                    | 73942       | 411549550611 | Escobar                    |
| FORSYTHE     | ENRIQUE     | 1101 Bucuresti Boulevard               | 97661       | 199514580428 | Patras                     |
| FORTIER      | RAUL        | 1747 Rustenburg Place                  | 51369       | 442673923363 | Chapra                     |
| FORTNER      | HOWARD      | 220 Hidalgo Drive                      | 45298       | 342720754566 | Kermanshah                 |
| FOSTER       | PHYLLIS     | 832 Nakhon Sawan Manor                 | 49021       | 275595571388 | Zalantun                   |
| FOUST        | JACK        | 1378 Beira Loop                        | 40792       | 840957664136 | Zeleznogorsk               |
| FOWLER       | JO          | 786 Stara Zagora Way                   | 98332       | 716256596301 | Oyo                        |
| FOX          | HOLLY       | 435 0 Way                              | 74750       | 760171523969 | Haldia                     |
| FRALEY       | JUAN        | 469 Nakhon Sawan Street                | 58866       | 689199636560 | Tšeboksary                 |
| FRANCISCO    | JOEL        | 287 Cuautla Boulevard                  | 72736       | 82619513349  | Sucre                      |
| FRANKLIN     | BETH        | 1149 A Corua (La Corua) Boulevard      | 95824       | 470884141195 | Haiphong                   |
| FRAZIER      | GLENDA      | 1246 Boksburg Parkway                  | 28349       | 890283544295 | Qinhuangdao                |
| FREEMAN      | SHANNON     | 117 Boa Vista Way                      | 6804        | 677976133614 | Varanasi (Benares)         |
| FULLER       | CLAUDIA     | 346 Skikda Parkway                     | 90628       | 630424482919 | Jalib al-Shuyukh           |
| FULTZ        | GERALD      | 45 Aparecida de Goinia Place           | 7431        | 650496654258 | Satna                      |
| GAFFNEY      | FELIX       | 1059 Yuncheng Avenue                   | 47498       | 107092893983 | Vilnius                    |
| GAITHER      | RANDY       | 1618 Olomouc Manor                     | 26385       | 96846695220  | Kurgan                     |
| GAMEZ        | CLARENCE    | 767 Pyongyang Drive                    | 83536       | 667736124769 | Izumisano                  |
| GANDY        | FLOYD       | 1088 Ibirit Place                      | 88502       | 49084281333  | Zapopan                    |
| GANNON       | JAMES       | 1635 Kuwana Boulevard                  | 52137       | 710603868323 | Hiroshima                  |
| GARCIA       | CAROL       | 320 Brest Avenue                       | 43331       | 747791594069 | Kaduna                     |
| GARDINER     | DAVE        | 1052 Pathankot Avenue                  | 77397       | 128499386727 | Leshan                     |
| GARDNER      | JOANN       | 842 Salzburg Lane                      | 3313        | 697151428760 | Tarsus                     |
| GARRETT      | NELLIE      | 1964 Gijn Manor                        | 14408       | 918119601885 | Shimoga                    |
| GARZA        | PEARL       | 60 Poos de Caldas Street               | 82338       | 963063788669 | Jodhpur                    |
| GAVIN        | BILL        | 1485 Bratislava Place                  | 83183       | 924663855568 | Rockford                   |
| GEARY        | RUBEN       | 414 Mandaluyong Street                 | 16370       | 52709222667  | Lublin                     |
| GEORGE       | JOY         | 1256 Bislig Boulevard                  | 50598       | 479007229460 | Botosani                   |
| GIBSON       | VICTORIA    | 544 Malm Parkway                       | 63502       | 386759646229 | Pemalang                   |
| GILBERT      | TANYA       | 647 A Corua (La Corua) Street          | 36971       | 792557457753 | Naju                       |
| GILLETTE     | DUSTIN      | 1854 Okara Boulevard                   | 42123       | 131912793873 | Emmen                      |
| GILLILAND    | JOE         | 953 Hodeida Street                     | 18841       | 53912826864  | Imus                       |
| GILMAN       | DENNIS      | 1443 Mardan Street                     | 31483       | 231383037471 | Paarl                      |
| GOMEZ        | JOSEPHINE   | 211 Chiayi Drive                       | 58186       | 665993880048 | Etawah                     |
| GONZALES     | NORMA       | 152 Kitwe Parkway                      | 53182       | 835433605312 | Bislig                     |
| GONZALEZ     | MARTHA      | 269 Cam Ranh Parkway                   | 34689       | 489783829737 | Chisinau                   |
| GOOCH        | ADAM        | 230 Urawa Drive                        | 2738        | 166898395731 | Adoni                      |
| GOODEN       | KENNETH     | 1542 Lubumbashi Boulevard              | 62472       | 508800331065 | Bat Yam                    |
| GORDON       | LESLIE      | 374 Bat Yam Boulevard                  | 97700       | 923261616249 | Kilis                      |
| GRAF         | DOUGLAS     | 785 Vaduz Street                       | 36170       | 895616862749 | Mexicali                   |
| GRAHAM       | RITA        | 1386 Yangor Avenue                     | 80720       | 449216226468 | Toulon                     |
| GRANT        | MICHELE     | 798 Cianjur Avenue                     | 76990       | 499408708580 | Yuncheng                   |
| GRAVES       | BRANDY      | 1944 Bamenda Way                       | 24645       | 75975221996  | Warren                     |
| GRAY         | JUDY        | 1031 Daugavpils Parkway                | 59025       | 107137400143 | Béchar                     |
| GRECO        | CHRISTOPHER | 1224 Huejutla de Reyes Boulevard       | 70923       | 806016930576 | Brescia                    |
| GREEN        | VIRGINIA    | 391 Callao Drive                       | 34021       | 440512153169 | Toulouse                   |
| GREENE       | JEANETTE    | 1077 San Felipe de Puerto Plata Place  | 65387       | 812824036424 | Novotšerkassk              |
| GREGORY      | SONIA       | 1279 Udine Parkway                     | 75860       | 195003555232 | Benin City                 |
| GRESHAM      | ALEX        | 251 Florencia Drive                    | 16119       | 118011831565 | Uruapan                    |
| GREY         | ROSS        | 951 Springs Lane                       | 96115       | 165164761435 | Iligan                     |
| GRIFFIN      | LILLIAN     | 669 Firozabad Loop                     | 92265       | 412903167998 | al-Ayn                     |
| GRIGSBY      | THOMAS      | 1191 Sungai Petani Boulevard           | 9668        | 983259819766 | Kansas City                |
| GRISSOM      | TERRY       | 619 Hunuco Avenue                      | 81508       | 142596392389 | Matsue                     |
| GRUBER       | ARMANDO     | 869 Shikarpur Way                      | 57380       | 590764256785 | Southport                  |
| GUAJARDO     | HARVEY      | 600 Purnea (Purnia) Avenue             | 18043       | 638409958875 | Vinh                       |
| GUILLEN      | ERIK        | 635 Brest Manor                        | 40899       | 80593242951  | Bhimavaram                 |
| GUNDERSON    | TERRENCE    | 844 Bucuresti Place                    | 36603       | 935952366111 | Jinzhou                    |
| GUTIERREZ    | CARLA       | 642 Nador Drive                        | 3924        | 369050085652 | Bhusawal                   |
| HALE         | RAMONA      | 951 Stara Zagora Manor                 | 98573       | 429925609431 | Patiala                    |
| HALL         | JESSICA     | 18 Duisburg Boulevard                  | 58327       | 998009777982 | Città del Vaticano         |
| HAMILTON     | GLADYS      | 1177 Jelets Way                        | 3305        | 484292626944 | Ilorin                     |
| HANNON       | SETH        | 1759 Niznekamsk Avenue                 | 39414       | 864392582257 | al-Manama                  |
| HANSEN       | DELORES     | 810 Palghat (Palakkad) Boulevard       | 73431       | 516331171356 | Jaroslavl                  |
| HANSON       | VIOLA       | 582 Papeete Loop                       | 27722       | 569868543137 | Lapu-Lapu                  |
| HARDER       | GABRIEL     | 680 A Corua (La Corua) Manor           | 49806       | 158326114853 | Sivas                      |
| HARDISON     | BRYAN       | 530 Lausanne Lane                      | 11067       | 775235029633 | Dallas                     |
| HARKINS      | BRENT       | 319 Plock Parkway                      | 26101       | 854259976812 | Sultanbeyli                |
| HARPER       | ROBERTA     | 927 Barcelona Street                   | 65121       | 951486492670 | Shahr-e Kord               |
| HARRIS       | HELEN       | 419 Iligan Lane                        | 72878       | 990911107354 | Bhopal                     |
| HARRISON     | WENDY       | 1107 Nakhon Sawan Avenue               | 75149       | 867546627903 | Nezahualcóyotl             |
| HART         | DANA        | 1089 Iwatsuki Avenue                   | 35109       | 866092335135 | Kirovo-Tšepetsk            |
| HARVEY       | ARLENE      | 1014 Loja Manor                        | 66851       | 460795526514 | Ambattur                   |
| HAUSER       | COREY       | 984 Novoterkassk Loop                  | 28165       | 435118527255 | Gaziantep                  |
| HAVENS       | ARNOLD      | 1176 Southend-on-Sea Manor             | 81651       | 236679267178 | Santa Rosa                 |
| HAWKINS      | JILL        | 1440 Compton Place                     | 81037       | 931059836497 | Linz                       |
| HAWKS        | LEE         | 1661 Abha Drive                        | 14400       | 270456873752 | Pudukkottai                |
| HAYES        | ROBIN       | 1913 Kamakura Place                    | 97287       | 942570536750 | Jelets                     |
| HEATON       | SHAWN       | 1337 Mit Ghamr Avenue                  | 29810       | 175283210378 | Nakhon Sawan               |
| HENDERSON    | ANDREA      | 320 Baiyin Parkway                     | 37307       | 223664661973 | Mahajanga                  |
| HENNING      | ALBERTO     | 502 Mandi Bahauddin Parkway            | 15992       | 618156722572 | Barcelona                  |
| HENRY        | PAULINE     | 261 Saint Louis Way                    | 83401       | 321944036800 | Torreón                    |
| HERNANDEZ    | ANGELA      | 786 Aurora Avenue                      | 65750       | 18461860151  | Shimonoseki                |
| HERRERA      | NORA        | 1587 Loja Manor                        | 5410        | 621625204422 | Salzburg                   |
| HERRMANN     | TRACY       | 1074 Sanaa Parkway                     | 22474       | 154124128457 | Loja                       |
| HERZOG       | CLAUDE      | 486 Ondo Parkway                       | 35202       | 105882218332 | Benguela                   |
| HIATT        | EDUARDO     | 1837 Kaduna Parkway                    | 82580       | 640843562301 | Jining                     |
| HICKS        | MONICA      | 1752 So Leopoldo Parkway               | 14014       | 252265130067 | Mukatševe                  |
| HIDALGO      | MARCUS      | 1289 Belm Boulevard                    | 88306       | 237368926031 | Tartu                      |
| HILL         | ANNA        | 127 Purnea (Purnia) Manor              | 79388       | 911872220378 | Alessandria                |
| HITE         | ZACHARY     | 98 Pyongyang Boulevard                 | 88749       | 191958435142 | Akron                      |
| HOFFMAN      | MATTIE      | 1497 Yuzhou Drive                      | 3433        | 246810237916 | London                     |
| HOLLAND      | MABEL       | 51 Laredo Avenue                       | 68146       | 884536620568 | Monywa                     |
| HOLM         | PHILLIP     | 102 Chapra Drive                       | 14073       | 776031833752 | Tama                       |
| HOLMES       | LUCILLE     | 999 Sanaa Loop                         | 3439        | 918032330119 | Soshanguve                 |
| HOLT         | TONI        | 1936 Cuman Avenue                      | 61195       | 976798660411 | Roanoke                    |
| HOPKINS      | HILDA       | 1831 Nam Dinh Loop                     | 51990       | 322888976727 | Mandaluyong                |
| HORTON       | BILLIE      | 457 Tongliao Loop                      | 56254       | 880756161823 | Inegöl                     |
| HOULE        | RAY         | 740 Udaipur Lane                       | 33505       | 497288595103 | Dzerzinsk                  |
| HOWARD       | ROSE        | 698 Otsu Street                        | 71110       | 409983924481 | Cayenne                    |
| HOWELL       | WILLIE      | 1244 Allappuzha (Alleppey) Place       | 20657       | 991802825778 | Vicente López              |
| HOWLAND      | MILTON      | 758 Korolev Parkway                    | 75474       | 441628280920 | Vijayawada                 |
| HUDSON       | LAUREN      | 1740 Le Mans Loop                      | 22853       | 168476538960 | Le Mans                    |
| HUEY         | BRANDON     | 1912 Emeishan Drive                    | 33050       | 99883471275  | Balikesir                  |
| HUGHES       | BONNIE      | 1942 Ciparay Parkway                   | 82624       | 978987363654 | Cheju                      |
| HUNT         | ELEANOR     | 1952 Pune Lane                         | 92150       | 354615066969 | Saint-Denis                |
| HUNTER       | CHARLOTTE   | 758 Junan Lane                         | 82639       | 935448624185 | Águas Lindas de Goiás      |
| HURTADO      | JEREMY      | 1133 Rizhao Avenue                     | 2800        | 600264533987 | Vitória de Santo Antão     |
| IRBY         | CURTIS      | 432 Garden Grove Street                | 65630       | 615964523510 | Richmond Hill              |
| ISBELL       | FREDERICK   | 1404 Taguig Drive                      | 87212       | 572068624538 | Tsuyama                    |
| ISOM         | DANNY       | 734 Bchar Place                        | 30586       | 280578750435 | Okara                      |
| JACKSON      | KAREN       | 270 Amroha Parkway                     | 29610       | 695479687538 | Osmaniye                   |
| JACOBS       | GEORGIA     | 954 Kimchon Place                      | 42420       | 541327526474 | Uttarpara-Kotrung          |
| JAMES        | KATHY       | 492 Cam Ranh Street                    | 50805       | 565018274456 | Baybay                     |
| JENKINS      | LOUISE      | 929 Tallahassee Loop                   | 74671       | 800716535041 | Springs                    |
| JENNINGS     | NAOMI       | 1884 Shikarpur Avenue                  | 85548       | 959949395183 | Karnal                     |
| JENSEN       | LENA        | 1027 Banjul Place                      | 50390       | 538241037443 | Halisahar                  |
| JIMENEZ      | OLGA        | 556 Baybay Manor                       | 55802       | 363982224739 | Ogbomosho                  |
| JOHNSON      | PATRICIA    | 1121 Loja Avenue                       | 17886       | 838635286649 | San Bernardino             |
| JOHNSTON     | KRISTIN     | 226 Brest Manor                        | 2299        | 785881412500 | Sunnyvale                  |
| JONES        | BARBARA     | 1566 Inegl Manor                       | 53561       | 705814003527 | Myingyan                   |
| JORDAN       | TIFFANY     | 804 Elista Drive                       | 61069       | 379804592943 | Enshi                      |
| JORDON       | JERRY       | 124 al-Manama Way                      | 52368       | 647899404952 | Onomichi                   |
| JOY          | JOSEPH      | 1354 Siegen Street                     | 80184       | 573441801529 | Angra dos Reis             |
| JUNG         | CHRISTIAN   | 949 Allende Lane                       | 67521       | 122981120653 | Amroha                     |
| KAHN         | ALAN        | 753 Ilorin Avenue                      | 3656        | 464511145118 | Emeishan                   |
| KELLEY       | ELSIE       | 955 Bamenda Way                        | 1545        | 768481779568 | Ikerre                     |
| KELLY        | DENISE      | 1206 Dos Quebradas Place               | 20207       | 241832790687 | Rio Claro                  |
| KENNEDY      | RHONDA      | 1749 Daxian Place                      | 11044       | 963369996279 | Apeldoorn                  |
| KENYON       | JEROME      | 1872 Toulon Loop                       | 7939        | 928809465153 | Rancagua                   |
| KIM          | LILLIE      | 1736 Cavite Place                      | 98775       | 431770603551 | Idfu                       |
| KINDER       | REGINALD    | 519 Brescia Parkway                    | 69504       | 793996678771 | Madiun                     |
| KING         | MELISSA     | 1668 Anpolis Street                    | 50199       | 525255540978 | Lungtan                    |
| KNIGHT       | GAIL        | 185 Novi Sad Place                     | 41778       | 904253967161 | Bern                       |
| KNOTT        | KELLY       | 390 Wroclaw Way                        | 5753        | 357593328658 | Sanya                      |
| KOWALSKI     | CHARLES     | 715 So Bernardo do Campo Lane          | 84804       | 181179321332 | Sungai Petani              |
| KRAUS        | LESTER      | 1013 Tabuk Boulevard                   | 96203       | 158399646978 | Kanchrapara                |
| KRUGER       | HERBERT     | 1823 Hoshiarpur Lane                   | 33191       | 307133768620 | Syktyvkar                  |
| LAMBERT      | MISTY       | 1192 Tongliao Street                   | 19065       | 350970907017 | Sharja                     |
| LANCE        | JACOB       | 1866 al-Qatif Avenue                   | 89420       | 546793516940 | El Monte                   |
| LANE         | RENEE       | 533 al-Ayn Boulevard                   | 8862        | 662227486184 | Compton                    |
| LARSON       | HEIDI       | 1103 Bilbays Parkway                   | 87660       | 279979529227 | Xi´angfan                  |
| LARUE        | DARYL       | 1208 Tama Loop                         | 73605       | 954786054144 | Mosul                      |
| LAWRENCE     | LAURIE      | 9 San Miguel de Tucumn Manor           | 90845       | 956188728558 | Firozabad                  |
| LAWSON       | JEANNE      | 387 Mwene-Ditu Drive                   | 8073        | 764477681869 | Ashgabat                   |
| LAWTON       | LAWRENCE    | 114 Jalib al-Shuyukh Manor             | 60440       | 845378657301 | Yaoundé                    |
| LEE          | KIMBERLY    | 96 Tafuna Way                          | 99865       | 934730187245 | Córdoba                    |
| LEONE        | LOUIS       | 1191 Tandil Drive                      | 6362        | 45554316010  | Tanauan                    |
| LEWIS        | SARAH       | 1780 Hino Boulevard                    | 7716        | 902731229323 | Liepaja                    |
| LINTON       | GEORGE      | 1957 Yantai Lane                       | 59255       | 704948322302 | Sorocaba                   |
| LITTLE       | MAUREEN     | 201 Effon-Alaiye Way                   | 64344       | 684192903087 | Asunción                   |
| LOMBARDI     | DWIGHT      | 1497 Fengshan Drive                    | 63022       | 368738360376 | Chatsworth                 |
| LONG         | JACQUELINE  | 870 Ashqelon Loop                      | 84931       | 135117278909 | Songkhla                   |
| LOPEZ        | AMY         | 176 Mandaluyong Place                  | 65213       | 627705991774 | Jhansi                     |
| LOVELACE     | BARRY       | 1836 Korla Parkway                     | 55405       | 689681677428 | Kitwe                      |
| LOWE         | PRISCILLA   | 144 South Hill Loop                    | 2012        | 45387294817  | Salamanca                  |
| LUCAS        | VELMA       | 1155 Liaocheng Place                   | 22650       | 558236142492 | Effon-Alaiye               |
| LUMPKIN      | WILLARD     | 1819 Alessandria Loop                  | 53829       | 377633994405 | Carmen                     |
| LYMAN        | LEWIS       | 632 Usolje-Sibirskoje Parkway          | 73085       | 667648979883 | Ashqelon                   |
| LYNCH        | JACKIE      | 98 Stara Zagora Boulevard              | 76448       | 610173756082 | Buenaventura               |
| MACKENZIE    | STEVE       | 154 Oshawa Manor                       | 72771       | 440365973660 | Probolinggo                |
| MADRIGAL     | RALPH       | 1009 Zanzibar Lane                     | 64875       | 102396298916 | Arecibo                    |
| MAHAN        | MATTHEW     | 479 San Felipe del Progreso Avenue     | 54949       | 869051782691 | Cuautla                    |
| MAHON        | DONALD      | 1774 Yaound Place                      | 91400       | 613124286867 | Ezhou                      |
| MALCOLM      | CLIFTON     | 1489 Kakamigahara Lane                 | 98883       | 29341849811  | Tanshui                    |
| MARK         | JOSHUA      | 1920 Weifang Avenue                    | 15643       | 869507847714 | Rampur                     |
| MARKHAM      | WILLIE      | 1623 Kingstown Drive                   | 91299       | 296394569728 | Almirante Brown            |
| MARLOW       | SAMUEL      | 604 Bern Place                         | 5373        | 620719383725 | Ranchi                     |
| MARSHALL     | SHERRY      | 1987 Coacalco de Berriozbal Loop       | 96065       | 787654415858 | Shubra al-Khayma           |
| MARTEL       | CALVIN      | 138 Caracas Boulevard                  | 16790       | 974433019532 | Maracaíbo                  |
| MARTIN       | SANDRA      | 360 Toulouse Parkway                   | 54308       | 949312333307 | Southend-on-Sea            |
| MARTINEZ     | RUTH        | 1417 Lancaster Avenue                  | 72192       | 272572357893 | Kimberley                  |
| MARTINO      | HAROLD      | 1293 Nam Dinh Way                      | 71583       | 697656479977 | Boa Vista                  |
| MASON        | JUANITA     | 943 Johannesburg Avenue                | 5892        | 90921003005  | Pune                       |
| MATTHEWS     | ERICA       | 1294 Firozabad Drive                   | 70618       | 161801569569 | Pingxiang                  |
| MATTOX       | RICK        | 775 ostka Drive                        | 22358       | 171973024401 | Mit Ghamr                  |
| MAULDIN      | GREGORY     | 507 Smolensk Loop                      | 22971       | 80303246192  | Sousse                     |
| MAY          | GWENDOLYN   | 446 Kirovo-Tepetsk Lane                | 19428       | 303967439816 | Higashiosaka               |
| MCADAMS      | ALFREDO     | 1407 Surakarta Manor                   | 33224       | 324346485054 | Serpuhov                   |
| MCALISTER    | RENE        | 1895 Zhezqazghan Drive                 | 36693       | 137809746111 | Garden Grove               |
| MCCARTER     | MORRIS      | 1568 Celaya Parkway                    | 34750       | 278669994384 | Fengshan                   |
| MCCARTNEY    | JESUS       | 259 Ipoh Drive                         | 64964       | 419009857119 | Guarujá                    |
| MCCOY        | VERA        | 1168 Najafabad Parkway                 | 40301       | 886649065861 | Kabul                      |
| MCCRARY      | RICHARD     | 913 Coacalco de Berriozbal Loop        | 42141       | 262088367001 | Arlington                  |
| MCCURDY      | BRAD        | 608 Birgunj Parkway                    | 400         | 627425618482 | Chungho                    |
| MCDONALD     | EDITH       | 1967 Sincelejo Place                   | 73644       | 577812616052 | Gandhinagar                |
| MCDUFFIE     | SAM         | 656 Matamoros Drive                    | 19489       | 17305839123  | Sogamoso                   |
| MCKINNEY     | MIRIAM      | 1336 Benin City Drive                  | 46044       | 341242939532 | Otsu                       |
| MCWHORTER    | RAYMOND     | 503 Sogamoso Loop                      | 49812       | 834626715837 | Sumqayit                   |
| MEADOR       | RICARDO     | 591 Sungai Petani Drive                | 46400       | 37247325001  | Okayama                    |
| MEDINA       | DORA        | 1760 Oshawa Manor                      | 38140       | 56257502250  | Tianjin                    |
| MEEHAN       | CORY        | 556 Asuncin Way                        | 35364       | 338244023543 | Mogiljov                   |
| MEEK         | ANTONIO     | 1190 0 Place                           | 10417       | 841876514789 | Bagé                       |
| MENA         | CASEY       | 539 Hami Way                           | 52196       | 525518075499 | Tokat                      |
| MENARD       | PETER       | 1217 Konotop Avenue                    | 504         | 718917251754 | Ede                        |
| MENDOZA      | MARIAN      | 829 Grand Prairie Way                  | 6461        | 741070712873 | Maringá                    |
| MEYER        | NATALIE     | 1201 Qomsheh Manor                     | 21464       | 873492228462 | Aparecida de Goiânia       |
| MILAM        | JESSIE      | 1332 Gaziantep Lane                    | 22813       | 383353187467 | Binzhou                    |
| MILES        | BECKY       | 1993 Tabuk Lane                        | 64221       | 648482415405 | Tambaram                   |
| MILLARD      | SHANE       | 184 Mandaluyong Street                 | 94239       | 488425406814 | La Paz                     |
| MILLER       | MARIA       | 900 Santiago de Compostela Parkway     | 93896       | 716571220373 | Kragujevac                 |
| MILLS        | ALICIA      | 1963 Moscow Place                      | 64863       | 761379480249 | Nagaon                     |
| MILNER       | TOM         | 535 Ahmadnagar Manor                   | 41136       | 985109775584 | Abu Dhabi                  |
| MITCHELL     | STEPHANIE   | 42 Brindisi Place                      | 16744       | 42384721397  | Yerevan                    |
| MOELLER      | RODNEY      | 1936 Lapu-Lapu Parkway                 | 7122        | 653436985797 | Deba Habe                  |
| MONTGOMERY   | STACEY      | 1333 Haldia Street                     | 82161       | 408304391718 | Fuyu                       |
| MOORE        | MARGARET    | 613 Korolev Drive                      | 45844       | 380657522649 | Masqat                     |
| MORALES      | ANITA       | 788 Atinsk Street                      | 81691       | 146497509724 | Hubli-Dharwad              |
| MORENO       | STELLA      | 1473 Changhwa Parkway                  | 75933       | 266798132374 | Coacalco de Berriozábal    |
| MORGAN       | EVELYN      | 943 Tokat Street                       | 45428       | 889318963672 | Vaduz                      |
| MORRELL      | CRAIG       | 717 Changzhou Lane                     | 21615       | 426255288071 | Cavite                     |
| MORRIS       | HEATHER     | 17 Kabul Boulevard                     | 38594       | 697760867968 | Nagareyama                 |
| MORRISON     | BESSIE      | 1926 Gingoog Street                    | 22824       | 469738825391 | Syrakusa                   |
| MORRISSEY    | JASON       | 1427 A Corua (La Corua) Place          | 85799       | 972574862516 | Bahía Blanca               |
| MOTLEY       | BRADLEY     | 1596 Acua Parkway                      | 70425       | 157133457169 | Purnea (Purnia)            |
| MURPHY       | CHERYL      | 1213 Ranchi Parkway                    | 94352       | 800024380485 | Mysore                     |
| MURRAY       | THELMA      | 1175 Tanauan Way                       | 64615       | 937222955822 | Lima                       |
| MURRELL      | MANUEL      | 692 Amroha Drive                       | 35575       | 359478883004 | Jaffna                     |
| MYERS        | PEGGY       | 733 Mandaluyong Place                  | 77459       | 196568435814 | Abha                       |
| NEAL         | PENNY       | 1675 Xi´angfan Manor                   | 11763       | 271149517630 | Kumbakonam                 |
| NELSON       | DEBRA       | 306 Antofagasta Place                  | 3989        | 378318851631 | Vila Velha                 |
| NETTLES      | JAIME       | 1746 Faaa Way                          | 32515       | 863080561151 | Huánuco                    |
| NEUMANN      | RANDALL     | 1245 Ibirit Way                        | 40926       | 331888642162 | La Romana                  |
| NEWSOM       | PATRICK     | 68 Ponce Parkway                       | 85926       | 870635127812 | Hanoi                      |
| NGO          | JUSTIN      | 519 Nyeri Manor                        | 37650       | 764680915323 | Santo André                |
| NGUYEN       | TAMARA      | 356 Olomouc Manor                      | 93323       | 22326410776  | Anápolis                   |
| NICHOLS      | SUZANNE     | 456 Escobar Way                        | 36061       | 719202533520 | Jakarta                    |
| NOE          | ELMER       | 1768 Udine Loop                        | 32347       | 448876499197 | Battambang                 |
| NOLAND       | JULIO       | 182 Nuku´alofa Drive                   | 15414       | 426346224043 | Konotop                    |
| NOLEN        | CODY        | 1715 Okayama Street                    | 55676       | 169352919175 | São Bernardo do Campo      |
| OBRIEN       | LEONA       | 1308 Sumy Loop                         | 30657       | 583021225407 | Fuzhou                     |
| OCAMPO       | MARION      | 1464 Kursk Parkway                     | 17381       | 338758048786 | Weifang                    |
| OGLESBY      | ISAAC       | 186 Skikda Lane                        | 89422       | 14465669789  | Cuernavaca                 |
| OLIVARES     | JORGE       | 1078 Stara Zagora Drive                | 69221       | 932992626595 | Lhokseumawe                |
| OLIVER       | ELLA        | 751 Lima Loop                          | 99405       | 756460337785 | Aden                       |
| OLSON        | ANNETTE     | 431 Xi´angtan Avenue                   | 4854        | 230250973122 | Allappuzha (Alleppey)      |
| OLVERA       | DWAYNE      | 1447 Imus Place                        | 12905       | 62127829280  | Rajkot                     |
| ORTIZ        | SYLVIA      | 241 Mosul Lane                         | 76157       | 765345144779 | Dos Quebradas              |
| OUTLAW       | MARC        | 1 Valle de Santiago Avenue             | 86208       | 465897838272 | Brindisi                   |
| OWENS        | CARMEN      | 1378 Alvorada Avenue                   | 75834       | 272234298332 | Caracas                    |
| PAINE        | DAN         | 808 Naala-Porto Parkway                | 41060       | 553452430707 | Stockport                  |
| PALMER       | MEGAN       | 1560 Jelets Boulevard                  | 77777       | 189446090264 | Laiwu                      |
| PARKER       | FRANCES     | 686 Garland Manor                      | 52535       | 69493378813  | Juazeiro do Norte          |
| PATTERSON    | WANDA       | 1740 Portoviejo Avenue                 | 29932       | 198123170793 | Sincelejo                  |
| PAYNE        | LYNN        | 710 San Felipe del Progreso Avenue     | 76901       | 843801144113 | Lilongwe                   |
| PEARSON      | IRMA        | 127 Iwakuni Boulevard                  | 20777       | 987442542471 | Hagonoy                    |
| PEMBERTON    | LANCE       | 454 Qinhuangdao Drive                  | 25866       | 786270036240 | Beni-Mellal                |
| PENA         | ERIKA       | 898 Jining Lane                        | 40070       | 161643343536 | Oulu                       |
| PEREZ        | CAROLYN     | 1632 Bislig Avenue                     | 61117       | 471675840679 | Pak Kret                   |
| PERKINS      | GERALDINE   | 97 Shimoga Avenue                      | 44660       | 177167004331 | Tel Aviv-Jaffa             |
| PERRY        | SARA        | 125 Citt del Vaticano Boulevard        | 67912       | 48417642933  | Atlixco                    |
| PERRYMAN     | WALTER      | 1909 Benguela Lane                     | 19913       | 624138001031 | Xinxiang                   |
| PETERS       | SUE         | 817 Bradford Loop                      | 89459       | 264286442804 | Changzhou                  |
| PETERSON     | NICOLE      | 57 Arlington Manor                     | 48960       | 990214419142 | Shivapuri                  |
| PFEIFFER     | BOB         | 415 Pune Avenue                        | 44274       | 203202500108 | Xintai                     |
| PHILLIPS     | JANET       | 1718 Valencia Street                   | 37359       | 675292816413 | Antofagasta                |
| PIERCE       | SALLY       | 1540 Wroclaw Drive                     | 62686       | 182363341674 | Chandrapur                 |
| PINSON       | JEFFERY     | 966 Arecibo Loop                       | 94018       | 15273765306  | Dadu                       |
| PITT         | MAX         | 1917 Kumbakonam Parkway                | 11892       | 698182547686 | Novi Sad                   |
| POINDEXTER   | HECTOR      | 185 Mannheim Lane                      | 23661       | 589377568313 | Pjatigorsk                 |
| PORTER       | CARRIE      | 1854 Tieli Street                      | 15819       | 509492324775 | Liaocheng                  |
| POULIN       | BILLY       | 1061 Ede Avenue                        | 57810       | 333390595558 | Cabuyao                    |
| POWELL       | ANNE        | 1557 Ktahya Boulevard                  | 88002       | 720998247660 | Bradford                   |
| POWER        | DARRELL     | 1844 Usak Avenue                       | 84461       | 164414772677 | Halifax                    |
| PREWITT      | KEN         | 1342 Abha Boulevard                    | 10714       | 997453607116 | Bucuresti                  |
| PRICE        | IRENE       | 602 Paarl Street                       | 98889       | 896314772871 | Pavlodar                   |
| PULLEN       | GLENN       | 992 Klerksdorp Loop                    | 33711       | 855290087237 | Amersfoort                 |
| PURDY        | ANDREW      | 431 Szkesfehrvr Avenue                 | 57828       | 119501405123 | Baku                       |
| QUALLS       | STEPHEN     | 1838 Tabriz Lane                       | 1195        | 38988715447  | Dhaka                      |
| QUIGLEY      | TROY        | 983 Santa F Way                        | 47472       | 145720452260 | Vancouver                  |
| QUINTANILLA  | ROGER       | 381 Kabul Way                          | 87272       | 55477302294  | Hsichuh                    |
| RALSTON      | VINCENT     | 397 Sunnyvale Avenue                   | 55566       | 680851640676 | Allende                    |
| RAMIREZ      | CHRISTINA   | 1124 Buenaventura Drive                | 6856        | 407733804223 | al-Hawiya                  |
| RAMOS        | EVA         | 1666 Beni-Mellal Place                 | 13377       | 9099941466   | Clarksville                |
| RAPP         | ANDRE       | 568 Dhule (Dhulia) Loop                | 92568       | 602101369463 | Coquimbo                   |
| RATCLIFF     | DALE        | 1639 Saarbrcken Drive                  | 9827        | 328494873422 | Rustenburg                 |
| RAY          | AUDREY      | 1010 Klerksdorp Way                    | 6802        | 493008546874 | Graz                       |
| REA          | JIM         | 814 Simferopol Loop                    | 48745       | 524567129902 | El Fuerte                  |
| REED         | DORIS       | 1697 Kowloon and New Kowloon Loop      | 57807       | 499352017190 | Balašiha                   |
| REID         | CONSTANCE   | 885 Yingkou Manor                      | 31390       | 588964509072 | Zaria                      |
| RENNER       | NEIL        | 1817 Livorno Way                       | 79401       | 478380208348 | Cam Ranh                   |
| REYES        | DEBBIE      | 928 Jaffna Loop                        | 93762       | 581852137991 | Fukuyama                   |
| REYNOLDS     | ROSA        | 793 Cam Ranh Avenue                    | 87057       | 824370924746 | Lancaster                  |
| RHOADS       | EDGAR       | 1269 Ipoh Avenue                       | 54674       | 402630109080 | Eskisehir                  |
| RHODES       | SHERRI      | 922 Vila Velha Loop                    | 4085        | 510737228015 | Ahmadnagar                 |
| RICE         | JAMIE       | 879 Newcastle Way                      | 90732       | 206841104594 | Sterling Heights           |
| RICHARDS     | WILMA       | 660 Jedda Boulevard                    | 25053       | 168758068397 | Bellevue                   |
| RICHARDSON   | ASHLEY      | 1214 Hanoi Way                         | 67055       | 491001136577 | Lincoln                    |
| RICKETTS     | RONNIE      | 1889 Valparai Way                      | 75559       | 670370974122 | Ziguinchor                 |
| RICO         | KEITH       | 482 Kowloon and New Kowloon Manor      | 97056       | 738968474939 | Bratislava                 |
| RILEY        | BRITTANY    | 140 Chiayi Parkway                     | 38982       | 855863906434 | Sumy                       |
| RINEHART     | MARK        | 780 Kimberley Way                      | 17032       | 824396883951 | Tabuk                      |
| RIVERA       | KATHERINE   | 915 Ponce Place                        | 83980       | 1395251317   | Basel                      |
| ROBB         | JAY         | 1947 Paarl Way                         | 23636       | 834061016202 | Surakarta                  |
| ROBERT       | ERIC        | 430 Kumbakonam Drive                   | 28814       | 105470691550 | Santa Fé                   |
| ROBERTS      | CHRISTINE   | 1447 Imus Way                          | 48942       | 539758313890 | Faaa                       |
| ROBERTSON    | JOANNE      | 1337 Lincoln Parkway                   | 99457       | 597815221267 | Urawa                      |
| ROBINS       | GREG        | 1786 Salinas Place                     | 66546       | 206060652238 | Nam Dinh                   |
| ROBINSON     | SHARON      | 1688 Okara Way                         | 21954       | 144453869132 | Mardan                     |
| RODRIGUEZ    | LAURA       | 28 Charlotte Amalie Street             | 37551       | 161968374323 | Salé                       |
| RODRIQUEZ    | VIOLET      | 1912 Allende Manor                     | 58124       | 172262454487 | Kowloon and New Kowloon    |
| ROGERS       | TERESA      | 1964 Allappuzha (Alleppey) Street      | 48980       | 920811325222 | Iwakuni                    |
| ROMERO       | MINNIE      | 47 Syktyvkar Lane                      | 22236       | 63937119031  | Ciomas                     |
| ROSE         | DARLENE     | 1386 Nakhon Sawan Boulevard            | 53502       | 368899174225 | Pyongyang                  |
| ROSS         | MARILYN     | 1888 Kabul Drive                       | 20936       | 701457319790 | Ife                        |
| ROUSH        | TERRANCE    | 42 Fontana Avenue                      | 14684       | 437829801725 | Székesfehérvár             |
| ROYAL        | DAVID       | 827 Yuncheng Drive                     | 79047       | 504434452842 | Callao                     |
| RUIZ         | VIVIAN      | 741 Ambattur Manor                     | 43310       | 302590383819 | ´s-Hertogenbosch           |
| RUNYON       | NATHAN      | 264 Bhimavaram Manor                   | 54749       | 302526949177 | Charlotte Amalie           |
| RUSSELL      | ANNIE       | 1599 Plock Drive                       | 71986       | 817248913162 | Tete                       |
| RYAN         | TARA        | 1688 Nador Lane                        | 61613       | 652218196731 | Gorontalo                  |
| SALISBURY    | RYAN        | 1673 Tangail Drive                     | 26857       | 627924259271 | Daugavpils                 |
| SANBORN      | GENE        | 1416 San Juan Bautista Tuxtepec Avenue | 50592       | 144206758053 | Salala                     |
| SANCHEZ      | JULIE       | 939 Probolinggo Loop                   | 4166        | 680428310138 | A Coruña (La Coruña)       |
| SANDERS      | TAMMY       | 1551 Rampur Lane                       | 72394       | 251164340471 | Changhwa                   |
| SATTERFIELD  | WILLIAM     | 687 Alessandria Parkway                | 57587       | 407218522294 | Sanaa                      |
| SAUER        | DEAN        | 270 Tambaram Parkway                   | 9668        | 248446668735 | Johannesburg               |
| SCARBOROUGH  | JONATHAN    | 1698 Southport Loop                    | 49009       | 754358349853 | Pachuca de Soto            |
| SCHILLING    | JESSE       | 514 Ife Way                            | 69973       | 900235712074 | Lubumbashi                 |
| SCHMIDT      | ROSEMARY    | 1215 Pyongyang Parkway                 | 25238       | 646237101779 | Usak                       |
| SCHOFIELD    | LEONARD     | 88 Nagaon Manor                        | 86868       | 779461480495 | Tandil                     |
| SCHRADER     | JIMMY       | 616 Hagonoy Avenue                     | 46043       | 604177838256 | Atšinsk                    |
| SCHULER      | KEVIN       | 470 Boksburg Street                    | 97960       | 908029859266 | Birgunj                    |
| SCHWAB       | ANTHONY     | 1892 Nabereznyje Telny Lane            | 28396       | 478229987054 | Tafuna                     |
| SCHWARZ      | BRUCE       | 1565 Tangail Manor                     | 45750       | 634445428822 | Okinawa                    |
| SCOTT        | REBECCA     | 61 Tama Street                         | 94065       | 708403338270 | Kurashiki                  |
| SCROGGINS    | STANLEY     | 1266 Laredo Parkway                    | 7664        | 1483365694   | Omiya                      |
| SEAL         | KARL        | 1427 Tabuk Place                       | 31342       | 214756839122 | Cape Coral                 |
| SELBY        | AARON       | 1519 Santiago de los Caballeros Loop   | 22025       | 409315295763 | Mwene-Ditu                 |
| SEWARD       | LESLIE      | 1152 al-Qatif Lane                     | 44816       | 131370665218 | Pontianak                  |
| SHANKS       | EARL        | 168 Cianjur Manor                      | 73824       | 679095087143 | Iwatsuki                   |
| SHAW         | CLARA       | 1027 Songkhla Manor                    | 30861       | 563660187896 | Molodetšno                 |
| SHELBY       | RICKY       | 722 Bradford Lane                      | 90920       | 746251338300 | Junan                      |
| SHELLEY      | SCOTT       | 587 Benguela Manor                     | 91590       | 165450987037 | Aurora                     |
| SHELTON      | DIANNE      | 600 Bradford Street                    | 96204       | 117592274996 | Tabriz                     |
| SHERROD      | WARREN      | 1621 Tongliao Avenue                   | 22173       | 209342540247 | Usolje-Sibirskoje          |
| SIKES        | FRANCIS     | 355 Vitria de Santo Anto Way           | 81758       | 548003849552 | San Juan Bautista Tuxtepec |
| SILVA        | MAXINE      | 1338 Zalantun Lane                     | 45403       | 840522972766 | Poços de Caldas            |
| SILVERMAN    | MICHAEL     | 1908 Gaziantep Place                   | 58979       | 108053751300 | Tiefa                      |
| SIMMONS      | TINA        | 984 Effon-Alaiye Avenue                | 17119       | 132986892228 | Goiânia                    |
| SIMPKINS     | ARTHUR      | 1157 Nyeri Loop                        | 56380       | 262744791493 | Maikop                     |
| SIMPSON      | ELLEN       | 1666 Qomsheh Drive                     | 66255       | 582835362905 | Poá                        |
| SIMS         | VANESSA     | 1792 Valle de la Pascua Place          | 15540       | 419419591240 | Siegen                     |
| SKIDMORE     | FRANCISCO   | 614 Denizli Parkway                    | 29444       | 876491807547 | São Leopoldo               |
| SLEDGE       | GILBERT     | 1515 Korla Way                         | 57197       | 959467760895 | York                       |
| SLONE        | WALLACE     | 1342 Sharja Way                        | 93655       | 946114054231 | Sokoto                     |
| SMITH        | MARY        | 1913 Hanoi Way                         | 35200       | 28303384290  | Sasebo                     |
| SNYDER       | MARION      | 1891 Rizhao Boulevard                  | 47288       | 391065549876 | Santa Brbara dOeste        |
| SOTO         | NINA        | 1519 Ilorin Place                      | 49298       | 357445645426 | Palghat (Palakkad)         |
| SOUTH        | ROLAND      | 1993 0 Loop                            | 41214       | 25865528181  | Yingkou                    |
| SPEAR        | JEFFREY     | 1860 Taguig Loop                       | 59550       | 38158430589  | Ciparay                    |
| SPENCER      | CATHY       | 1287 Xi´angfan Boulevard               | 57844       | 819416131190 | Kakamigahara               |
| SPURLOCK     | KYLE        | 1269 Botosani Manor                    | 47394       | 736517327853 | Shanwei                    |
| STANFIELD    | SERGIO      | 1402 Zanzibar Boulevard                | 71102       | 387448063440 | Celaya                     |
| STANLEY      | ALLISON     | 754 Valencia Place                     | 87911       | 594319417514 | Phnom Penh                 |
| STCLAIR      | KIRK        | 1923 Stara Zagora Lane                 | 95179       | 182178609211 | Tsaotun                    |
| STEPHENS     | LORRAINE    | 154 Tallahassee Loop                   | 62250       | 935508855935 | Hami                       |
| STEPP        | ERNEST      | 500 Lincoln Parkway                    | 95509       | 550306965159 | Huai´an                    |
| STEVENS      | ELAINE      | 801 Hagonoy Drive                      | 8439        | 237426099212 | Smolensk                   |
| STEWART      | ALICE       | 1135 Izumisano Parkway                 | 48150       | 171822533480 | Fontana                    |
| STILL        | IAN         | 1894 Boa Vista Way                     | 77464       | 239357986667 | Garland                    |
| STONE        | VERONICA    | 369 Papeete Way                        | 66639       | 170117068815 | Greensboro                 |
| SULLIVAN     | DAWN        | 454 Nakhon Sawan Boulevard             | 76383       | 963887147572 | Funafuti                   |
| SUTTON       | FELICIA     | 226 Halifax Street                     | 58492       | 790651020929 | Korla                      |
| SWAFFORD     | PERRY       | 773 Dallas Manor                       | 12664       | 914466027044 | Quilmes                    |
| TALBERT      | GLEN        | 1789 Saint-Denis Parkway               | 8268        | 936806643983 | Acuña                      |
| TAN          | TODD        | 1793 Meixian Place                     | 33535       | 619966287415 | Kamjanets-Podilskyi        |
| TAYLOR       | DOROTHY     | 1531 Sal Drive                         | 53628       | 648856936185 | Esfahan                    |
| TEEL         | SALVADOR    | 247 Jining Parkway                     | 53446       | 170115379190 | Banjul                     |
| TERRY        | JENNIE      | 682 Halisahar Place                    | 20536       | 475553436330 | Olomouc                    |
| THOMAS       | NANCY       | 808 Bhopal Manor                       | 10672       | 465887807014 | Yamuna Nagar               |
| THOMPSON     | DONNA       | 270 Toulon Boulevard                   | 81766       | 407752414682 | Elista                     |
| THORN        | MARSHALL    | 1584 Ljubertsy Lane                    | 22954       | 285710089439 | Southampton                |
| THRASHER     | LARRY       | 663 Baha Blanca Parkway                | 33463       | 834418779292 | Adana                      |
| TIRADO       | LONNIE      | 1658 Cuman Loop                        | 51309       | 784907335610 | Pangkal Pinang             |
| TOBIAS       | CLYDE       | 1909 Dayton Avenue                     | 88513       | 702955450528 | Shaoguan                   |
| TOMLIN       | EDDIE       | 1351 Aparecida de Goinia Parkway       | 41775       | 959834530529 | Ozamis                     |
| TORRES       | KELLY       | 1586 Guaruj Place                      | 5135        | 947233365992 | Xi´angtan                  |
| TROUT        | PAUL        | 746 Joliet Lane                        | 94878       | 688485191923 | Kursk                      |
| TROUTMAN     | FRANKLIN    | 1778 Gijn Manor                        | 35156       | 288910576761 | Zaoyang                    |
| TRUONG       | WAYNE       | 1049 Matamoros Parkway                 | 69640       | 960505250340 | Gulbarga                   |
| TUBBS        | DUANE       | 962 Tama Loop                          | 65952       | 282667506728 | Yangor                     |
| TUCKER       | MARJORIE    | 1050 Garden Grove Avenue               | 4999        | 973047364353 | Jastrzebie-Zdrój           |
| TURNER       | MARIE       | 1998 Halifax Drive                     | 76022       | 177727722820 | Lipetsk                    |
| TURPIN       | JOHNNY      | 1152 Citrus Heights Manor              | 5239        | 765957414528 | al-Qadarif                 |
| VANHORN      | ANDY        | 966 Asuncin Way                        | 62703       | 995527378381 | Huejutla de Reyes          |
| VARGAS       | CHRISTY     | 1158 Mandi Bahauddin Parkway           | 98484       | 276555730211 | Datong                     |
| VARNEY       | BENJAMIN    | 817 Laredo Avenue                      | 77449       | 151249681135 | Guadalajara                |
| VASQUEZ      | TERRI       | 1304 ´s-Hertogenbosch Way              | 10925       | 90336226227  | Blumenau                   |
| VEST         | JULIAN      | 923 Tangail Boulevard                  | 33384       | 315528269898 | Akishima                   |
| VINES        | CECIL       | 548 Uruapan Street                     | 35653       | 879347453467 | London                     |
| VU           | ROBERTO     | 1297 Alvorada Parkway                  | 11839       | 508348602835 | Yinchuan                   |
| WADE         | MARGIE      | 1762 Paarl Parkway                     | 53928       | 192459639410 | Lengshuijiang              |
| WAGGONER     | FRANK       | 1816 Bydgoszcz Loop                    | 64308       | 965273813662 | Jamalpur                   |
| WAGNER       | DOLORES     | 316 Uruapan Street                     | 58194       | 275788967899 | Ipoh                       |
| WALDROP      | HUGH        | 904 Clarksville Drive                  | 52234       | 955349440539 | Haining                    |
| WALKER       | DEBORAH     | 934 San Felipe de Puerto Plata Street  | 99780       | 196495945706 | Shikarpur                  |
| WALLACE      | CONNIE      | 1867 San Juan Bautista Tuxtepec Avenue | 78311       | 547003310357 | Ivanovo                    |
| WALTERS      | CASSANDRA   | 920 Kumbakonam Loop                    | 75090       | 685010736240 | Salinas                    |
| WARD         | JANICE      | 1150 Kimchon Manor                     | 96109       | 663449333709 | Malmö                      |
| WARREN       | HAZEL       | 1587 Sullana Lane                      | 85769       | 468060467018 | Hohhot                     |
| WASHINGTON   | RUBY        | 1952 Chatsworth Drive                  | 25958       | 991562402283 | Meixian                    |
| WATKINS      | YVONNE      | 1848 Salala Boulevard                  | 25220       | 48265851133  | Ocumare del Tuy            |
| WATSON       | THERESA     | 89 Allappuzha (Alleppey) Manor         | 75444       | 255800440636 | Taguig                     |
| WATTS        | SHELLY      | 32 Pudukkottai Lane                    | 38834       | 967274728547 | Dayton                     |
| WAUGH        | JAMIE       | 958 Sagamihara Lane                    | 88408       | 427274926505 | Kuwana                     |
| WAY          | MIKE        | 990 Etawah Loop                        | 79940       | 206169448769 | Valparai                   |
| WEAVER       | YOLANDA     | 605 Rio Claro Parkway                  | 49348       | 352469351088 | Tabora                     |
| WEBB         | ETHEL       | 569 Baicheng Lane                      | 60304       | 490211944645 | Boksburg                   |
| WEINER       | RONALD      | 1145 Vilnius Manor                     | 73170       | 674805712553 | San Felipe del Progreso    |
| WELCH        | MARLENE     | 1148 Saarbrcken Parkway                | 1921        | 137773001988 | Iwaki                      |
| WELLS        | SHEILA      | 848 Tafuna Manor                       | 45142       | 614935229095 | Kütahya                    |
| WEST         | EDNA        | 682 Junan Way                          | 30418       | 622255216127 | Klerksdorp                 |
| WESTMORELAND | MITCHELL    | 617 Klerksdorp Place                   | 94707       | 574973479129 | Nha Trang                  |
| WHEAT        | FRED        | 433 Florencia Street                   | 91330       | 561729882725 | Juárez                     |
| WHEELER      | LUCY        | 624 Oshawa Boulevard                   | 89959       | 49677664184  | Balurghat                  |
| WHITE        | BETTY       | 770 Bydgoszcz Avenue                   | 16266       | 517338314235 | Citrus Heights             |
| WHITING      | ROY         | 1658 Jastrzebie-Zdrj Loop              | 96584       | 568367775448 | Nyeri                      |
| WILES        | JON         | 659 Gatineau Boulevard                 | 28587       | 205524798287 | El Alto                    |
| WILLIAMS     | LINDA       | 692 Joliet Street                      | 83579       | 448477190408 | Athenai                    |
| WILLIAMSON   | GINA        | 1001 Miyakonojo Lane                   | 67924       | 584316724815 | Taizz                      |
| WILLIS       | BERNICE     | 29 Pyongyang Loop                      | 47753       | 734780743462 | Batman                     |
| WILSON       | SUSAN       | 478 Joliet Way                         | 77948       | 657282285970 | Hamilton                   |
| WINDHAM      | DARREN      | 379 Lublin Parkway                     | 74568       | 921960450089 | Livorno                    |
| WOFFORD      | VIRGIL      | 760 Miyakonojo Drive                   | 64682       | 294449058179 | José Azueta                |
| WOOD         | LORI        | 936 Salzburg Lane                      | 96709       | 875756771675 | Rae Bareli                 |
| WOODS        | FLORENCE    | 1532 Dzerzinsk Way                     | 9599        | 330838016880 | Merlo                      |
| WREN         | TYLER       | 1060 Tandil Lane                       | 72349       | 211256301880 | Rizhao                     |
| WRIGHT       | BRENDA      | 33 Gorontalo Way                       | 30348       | 745994947458 | Kamarhati                  |
| WYMAN        | BRIAN       | 1769 Iwaki Lane                        | 25787       | 556100547674 | Bydgoszcz                  |
| YANEZ        | LUIS        | 1346 Mysore Drive                      | 61507       | 516647474029 | Brest                      |
| YEE          | MARVIN      | 126 Acua Parkway                       | 58888       | 480039662421 | Berhampore (Baharampur)    |
| YOUNG        | CYNTHIA     | 1425 Shikarpur Manor                   | 65599       | 678220867005 | Munger (Monghyr)           |
+--------------+-------------+----------------------------------------+-------------+--------------+----------------------------+
599 rows in set (1.2893 sec)
 MySQL  localhost:3306 ssl  sakila  SQL >
 MySQL  localhost:3306 ssl  sakila  SQL >